Component: ARM Compiler 5.06 update 6 (build 750) Tool: armlink [4d35ed]

==============================================================================

Section Cross References

    startup_stm32f407xx.o(RESET) refers to startup_stm32f407xx.o(STACK) for __initial_sp
    startup_stm32f407xx.o(RESET) refers to startup_stm32f407xx.o(.text) for Reset_Handler
    startup_stm32f407xx.o(RESET) refers to stm32f4xx_it.o(i.SysTick_Handler) for SysTick_Handler
    startup_stm32f407xx.o(RESET) refers to stm32f4xx_it.o(i.EXTI2_IRQHandler) for EXTI2_IRQHandler
    startup_stm32f407xx.o(RESET) refers to stm32f4xx_it.o(i.EXTI3_IRQHandler) for EXTI3_IRQHandler
    startup_stm32f407xx.o(RESET) refers to stm32f4xx_it.o(i.EXTI4_IRQHandler) for EXTI4_IRQHandler
    startup_stm32f407xx.o(RESET) refers to stm32f4xx_it.o(i.ADC_IRQHandler) for ADC_IRQHandler
    startup_stm32f407xx.o(RESET) refers to stm32f4xx_it.o(i.EXTI9_5_IRQHandler) for EXTI9_5_IRQHandler
    startup_stm32f407xx.o(RESET) refers to stm32f4xx_it.o(i.USART2_IRQHandler) for USART2_IRQHandler
    startup_stm32f407xx.o(RESET) refers to stm32f4xx_it.o(i.TIM5_IRQHandler) for TIM5_IRQHandler
    startup_stm32f407xx.o(RESET) refers to stm32f4xx_it.o(i.DMA2_Stream0_IRQHandler) for DMA2_Stream0_IRQHandler
    startup_stm32f407xx.o(.text) refers to system_stm32f4xx.o(i.SystemInit) for SystemInit
    startup_stm32f407xx.o(.text) refers to entry.o(.ARM.Collect$$$$00000000) for __main
    motor.o(i.MotorControl_GetDeadBand) refers to motor.o(i.MotorSet_speed) for MotorSet_speed
    motor.o(i.MotorControl_GetDeadBand) refers to stm32f4xx_hal.o(i.HAL_Delay) for HAL_Delay
    motor.o(i.MotorControl_GetDeadBand) refers to f2d.o(.text) for __aeabi_f2d
    motor.o(i.MotorControl_GetDeadBand) refers to printfa.o(i.__0printf) for __2printf
    motor.o(i.MotorControl_PID) refers to motor.o(i.MotorSet_speed) for MotorSet_speed
    motor.o(i.MotorSet_speed) refers to stm32f4xx_hal_gpio.o(i.HAL_GPIO_WritePin) for HAL_GPIO_WritePin
    motor.o(i.MotorSet_speed) refers to tim.o(.bss) for htim12
    motor.o(i.MotorUpdate_Encoder) refers to motor.o(i.calEncoder_value) for calEncoder_value
    motor.o(i.MotorUpdate_Encoder) refers to tim.o(.bss) for htim3
    motor.o(i.MotorUpdate_Encoder) refers to motor.o(.bss) for .bss
    motor.o(i.calEncoder_value) refers to motor.o(.data) for .data
    motor.o(i.reportEncoder) refers to motor.o(i.int16Conv) for int16Conv
    motor.o(i.reportEncoder) refers to stm32f4xx_hal_uart.o(i.HAL_UART_Transmit_IT) for HAL_UART_Transmit_IT
    motor.o(i.reportEncoder) refers to usart.o(.bss) for UART2_TxBuffer
    motor.o(i.reportEncoder) refers to motor.o(.bss) for .bss
    motor.o(i.reportEncoder) refers to usart.o(.bss) for huart2
    main.o(i.InitButtons) refers to gpio.o(i.ButtonInit) for ButtonInit
    main.o(i.InitButtons) refers to gpio.o(.bss) for button_R
    main.o(i.InitButtons) refers to gpio.o(.bss) for button_G
    main.o(i.InitButtons) refers to gpio.o(.bss) for button_B
    main.o(i.InitButtons) refers to gpio.o(.bss) for button_O
    main.o(i.InitMotors) refers to stm32f4xx_hal_tim.o(i.HAL_TIM_Base_Start) for HAL_TIM_Base_Start
    main.o(i.InitMotors) refers to stm32f4xx_hal_tim.o(i.HAL_TIM_PWM_Start) for HAL_TIM_PWM_Start
    main.o(i.InitMotors) refers to stm32f4xx_hal_tim.o(i.HAL_TIM_Encoder_Start) for HAL_TIM_Encoder_Start
    main.o(i.InitMotors) refers to motor.o(i.MotorInit) for MotorInit
    main.o(i.InitMotors) refers to motor.o(i.MotorSet_speed) for MotorSet_speed
    main.o(i.InitMotors) refers to tim.o(.bss) for htim9
    main.o(i.InitMotors) refers to motor.o(.bss) for motor1
    main.o(i.MX_NVIC_Init) refers to stm32f4xx_hal_cortex.o(i.HAL_NVIC_SetPriority) for HAL_NVIC_SetPriority
    main.o(i.MX_NVIC_Init) refers to stm32f4xx_hal_cortex.o(i.HAL_NVIC_EnableIRQ) for HAL_NVIC_EnableIRQ
    main.o(i.SystemCheck) refers to motor.o(i.MotorSet_speed) for MotorSet_speed
    main.o(i.SystemCheck) refers to gpio.o(i.ButtonLED_set) for ButtonLED_set
    main.o(i.SystemCheck) refers to stm32f4xx_hal.o(i.HAL_Delay) for HAL_Delay
    main.o(i.SystemCheck) refers to gpio.o(i.ButtonLED_reset) for ButtonLED_reset
    main.o(i.SystemCheck) refers to motor.o(.bss) for motor1
    main.o(i.SystemCheck) refers to gpio.o(.bss) for button_G
    main.o(i.SystemCheck) refers to gpio.o(.bss) for button_B
    main.o(i.SystemCheck) refers to gpio.o(.bss) for button_R
    main.o(i.SystemCheck) refers to gpio.o(.bss) for button_O
    main.o(i.SystemClock_Config) refers to stm32f4xx_hal_rcc.o(i.HAL_RCC_OscConfig) for HAL_RCC_OscConfig
    main.o(i.SystemClock_Config) refers to stm32f4xx_hal_rcc.o(i.HAL_RCC_ClockConfig) for HAL_RCC_ClockConfig
    main.o(i.SystemClock_Config) refers to stm32f4xx_hal_rcc.o(i.HAL_RCC_GetHCLKFreq) for HAL_RCC_GetHCLKFreq
    main.o(i.SystemClock_Config) refers to stm32f4xx_hal_cortex.o(i.HAL_SYSTICK_Config) for HAL_SYSTICK_Config
[...]

Image Symbol Table

    Local Symbols

    Symbol Name                              Value     Ov Type        Size  Object(Section)

    ..//Src/system_stm32f4xx.c               0x00000000   Number         0  system_stm32f4xx.o ABSOLUTE
    ../Drivers/STM32F4xx_HAL_Driver/Src/stm32f4xx_hal.c 0x00000000   Number         0  stm32f4xx_hal.o ABSOLUTE
    ../Drivers/STM32F4xx_HAL_Driver/Src/stm32f4xx_hal_adc.c 0x00000000   Number         0  stm32f4xx_hal_adc.o ABSOLUTE
    ../Drivers/STM32F4xx_HAL_Driver/Src/stm32f4xx_hal_adc_ex.c 0x00000000   Number         0  stm32f4xx_hal_adc_ex.o ABSOLUTE
    ../Drivers/STM32F4xx_HAL_Driver/Src/stm32f4xx_hal_cortex.c 0x00000000   Number         0  stm32f4xx_hal_cortex.o ABSOLUTE
    ../Drivers/STM32F4xx_HAL_Driver/Src/stm32f4xx_hal_dma.c 0x00000000   Number         0  stm32f4xx_hal_dma.o ABSOLUTE
    ../Drivers/STM32F4xx_HAL_Driver/Src/stm32f4xx_hal_dma_ex.c 0x00000000   Number         0  stm32f4xx_hal_dma_ex.o ABSOLUTE
    ../Drivers/STM32F4xx_HAL_Driver/Src/stm32f4xx_hal_flash.c 0x00000000   Number         0  stm32f4xx_hal_flash.o ABSOLUTE
    ../Drivers/STM32F4xx_HAL_Driver/Src/stm32f4xx_hal_flash_ex.c 0x00000000   Number         0  stm32f4xx_hal_flash_ex.o ABSOLUTE
    ../Drivers/STM32F4xx_HAL_Driver/Src/stm32f4xx_hal_flash_ramfunc.c 0x00000000   Number         0  stm32f4xx_hal_flash_ramfunc.o ABSOLUTE
    ../Drivers/STM32F4xx_HAL_Driver/Src/stm32f4xx_hal_gpio.c 0x00000000   Number         0  stm32f4xx_hal_gpio.o ABSOLUTE
    ../Drivers/STM32F4xx_HAL_Driver/Src/stm32f4xx_hal_pwr.c 0x00000000   Number         0  stm32f4xx_hal_pwr.o ABSOLUTE
    ../Drivers/STM32F4xx_HAL_Driver/Src/stm32f4xx_hal_pwr_ex.c 0x00000000   Number         0  stm32f4xx_hal_pwr_ex.o ABSOLUTE
    ../Drivers/STM32F4xx_HAL_Driver/Src/stm32f4xx_hal_rcc.c 0x00000000   Number         0  stm32f4xx_hal_rcc.o ABSOLUTE
    ../Drivers/STM32F4xx_HAL_Driver/Src/stm32f4xx_hal_rcc_ex.c 0x00000000   Number         0  stm32f4xx_hal_rcc_ex.o ABSOLUTE
    ../Drivers/STM32F4xx_HAL_Driver/Src/stm32f4xx_hal_spi.c 0x00000000   Number         0  stm32f4xx_hal_spi.o ABSOLUTE
    ../Drivers/STM32F4xx_HAL_Driver/Src/stm32f4xx_hal_tim.c 0x00000000   Number         0  stm32f4xx_hal_tim.o ABSOLUTE
    ../Drivers/STM32F4xx_HAL_Driver/Src/stm32f4xx_hal_tim_ex.c 0x00000000   Number         0  stm32f4xx_hal_tim_ex.o ABSOLUTE
    ../Drivers/STM32F4xx_HAL_Driver/Src/stm32f4xx_hal_uart.c 0x00000000   Number         0  stm32f4xx_hal_uart.o ABSOLUTE
    ../Src/adc.c                             0x00000000   Number         0  adc.o ABSOLUTE
    ../Src/dma.c                             0x00000000   Number         0  dma.o ABSOLUTE
    ../Src/gpio.c                            0x00000000   Number         0  gpio.o ABSOLUTE
    ../Src/main.c                            0x00000000   Number         0  main.o ABSOLUTE
    ../Src/spi.c                             0x00000000   Number         0  spi.o ABSOLUTE
    ../Src/stm32f4xx_hal_msp.c               0x00000000   Number         0  stm32f4xx_hal_msp.o ABSOLUTE
    ../Src/stm32f4xx_it.c                    0x00000000   Number         0  stm32f4xx_it.o ABSOLUTE
    ../Src/tim.c                             0x00000000   Number         0  tim.o ABSOLUTE
    ../Src/usart.c                           0x00000000   Number         0  usart.o ABSOLUTE
    ../clib/microlib/division.c              0x00000000   Number         0  uidiv.o ABSOLUTE
    ../clib/microlib/division.c              0x00000000   Number         0  uldiv.o ABSOLUTE
    ../clib/microlib/init/entry.s            0x00000000   Number         0  entry10b.o ABSOLUTE
    ../clib/microlib/init/entry.s            0x00000000   Number         0  entry8b.o ABSOLUTE
    ../clib/microlib/init/entry.s            0x00000000   Number         0  entry7b.o ABSOLUTE
    ../clib/microlib/init/entry.s            0x00000000   Number         0  entry7a.o ABSOLUTE
    ../clib/microlib/init/entry.s            0x00000000   Number         0  entry5.o ABSOLUTE
    ../clib/microlib/init/entry.s            0x00000000   Number         0  entry11b.o ABSOLUTE
    ../clib/microlib/init/entry.s            0x00000000   Number         0  entry8a.o ABSOLUTE
    ../clib/microlib/init/entry.s            0x00000000   Number         0  entry11a.o ABSOLUTE
    ../clib/microlib/init/entry.s            0x00000000   Number         0  entry10a.o ABSOLUTE
    ../clib/microlib/init/entry.s            0x00000000   Number         0  entry.o ABSOLUTE
    ../clib/microlib/init/entry.s            0x00000000   Number         0  entry9a.o ABSOLUTE
    ../clib/microlib/init/entry.s            0x00000000   Number         0  entry9b.o ABSOLUTE
    ../clib/microlib/init/entry.s            0x00000000   Number         0  entry2.o ABSOLUTE
    ../clib/microlib/longlong.c              0x00000000   Number         0  llshl.o ABSOLUTE
    ../clib/microlib/longlong.c              0x00000000   Number         0  llushr.o ABSOLUTE
    ../clib/microlib/longlong.c              0x00000000   Number         0  llsshr.o ABSOLUTE
    ../clib/microlib/printf/printf.c         0x00000000   Number         0  printf6.o ABSOLUTE
    ../clib/microlib/printf/printf.c         0x00000000   Number         0  printf4.o ABSOLUTE
    ../clib/microlib/printf/printf.c         0x00000000   Number         0  printf3.o ABSOLUTE
    ../clib/microlib/printf/printf.c         0x00000000   Number         0  printf2.o ABSOLUTE
    ../clib/microlib/printf/printf.c         0x00000000   Number         0  printf8.o ABSOLUTE
    ../clib/microlib/printf/printf.c         0x00000000   Number         0  printf1.o ABSOLUTE
    ../clib/microlib/printf/printf.c         0x00000000   Number         0  printf0.o ABSOLUTE
    ../clib/microlib/printf/printf.c         0x00000000   Number         0  printfb.o ABSOLUTE
    ../clib/microlib/printf/printf.c         0x00000000   Number         0  printf7.o ABSOLUTE
    ../clib/microlib/printf/printf.c         0x00000000   Number         0  printf5.o ABSOLUTE
    ../clib/microlib/printf/printf.c         0x00000000   Number         0  printfa.o ABSOLUTE
    ../clib/microlib/printf/stubs.s          0x00000000   Number         0  stubs.o ABSOLUTE
    ../clib/microlib/stdio/streams.c         0x00000000   Number         0  stdout.o ABSOLUTE
    ../clib/microlib/stubs.s                 0x00000000   Number         0  iusefp.o ABSOLUTE
    ../fplib/microlib/f2d.c                  0x00000000   Number         0  f2d.o ABSOLUTE
    ../fplib/microlib/fpadd.c                0x00000000   Number         0  dadd.o ABSOLUTE
    ../fplib/microlib/fpdiv.c                0x00000000   Number         0  ddiv.o ABSOLUTE
    ../fplib/microlib/fpepilogue.c           0x00000000   Number         0  depilogue.o ABSOLUTE
    ../fplib/microlib/fpfix.c                0x00000000   Number         0  dfixul.o ABSOLUTE
    ../fplib/microlib/fpmul.c                0x00000000   Number         0  dmul.o ABSOLUTE
    ..\Drivers\STM32F4xx_HAL_Driver\Src\stm32f4xx_hal.c 0x00000000   Number         0  stm32f4xx_hal.o ABSOLUTE
    ..\Drivers\STM32F4xx_HAL_Driver\Src\stm32f4xx_hal_adc.c 0x00000000   Number         0  stm32f4xx_hal_adc.o ABSOLUTE
    ..\Drivers\STM32F4xx_HAL_Driver\Src\stm32f4xx_hal_adc_ex.c 0x00000000   Number         0  stm32f4xx_hal_adc_ex.o ABSOLUTE
    ..\Drivers\STM32F4xx_HAL_Driver\Src\stm32f4xx_hal_cortex.c 0x00000000   Number         0  stm32f4xx_hal_cortex.o ABSOLUTE
    ..\Drivers\STM32F4xx_HAL_Driver\Src\stm32f4xx_hal_dma.c 0x00000000   Number         0  stm32f4xx_hal_dma.o ABSOLUTE
    ..\Drivers\STM32F4xx_HAL_Driver\Src\stm32f4xx_hal_dma_ex.c 0x00000000   Number         0  stm32f4xx_hal_dma_ex.o ABSOLUTE
    ..\Drivers\STM32F4xx_HAL_Driver\Src\stm32f4xx_hal_flash.c 0x00000000   Number         0  stm32f4xx_hal_flash.o ABSOLUTE
    ..\Drivers\STM32F4xx_HAL_Driver\Src\stm32f4xx_hal_flash_ex.c 0x00000000   Number         0  stm32f4xx_hal_flash_ex.o ABSOLUTE
    ..\Drivers\STM32F4xx_HAL_Driver\Src\stm32f4xx_hal_flash_ramfunc.c 0x00000000   Number         0  stm32f4xx_hal_flash_ramfunc.o ABSOLUTE
    ..\Drivers\STM32F4xx_HAL_Driver\Src\stm32f4xx_hal_gpio.c 0x00000000   Number         0  stm32f4xx_hal_gpio.o ABSOLUTE
    ..\Drivers\STM32F4xx_HAL_Driver\Src\stm32f4xx_hal_pwr.c 0x00000000   Number         0  stm32f4xx_hal_pwr.o ABSOLUTE
    ..\Drivers\STM32F4xx_HAL_Driver\Src\stm32f4xx_hal_pwr_ex.c 0x00000000   Number         0  stm32f4xx_hal_pwr_ex.o ABSOLUTE
    ..\Drivers\STM32F4xx_HAL_Driver\Src\stm32f4xx_hal_rcc.c 0x00000000   Number         0  stm32f4xx_hal_rcc.o ABSOLUTE
    ..\Drivers\STM32F4xx_HAL_Driver\Src\stm32f4xx_hal_rcc_ex.c 0x00000000   Number         0  stm32f4xx_hal_rcc_ex.o ABSOLUTE
    ..\Drivers\STM32F4xx_HAL_Driver\Src\stm32f4xx_hal_spi.c 0x00000000   Number         0  stm32f4xx_hal_spi.o ABSOLUTE
    ..\Drivers\STM32F4xx_HAL_Driver\Src\stm32f4xx_hal_tim.c 0x00000000   Number         0  stm32f4xx_hal_tim.o ABSOLUTE
    ..\Drivers\STM32F4xx_HAL_Driver\Src\stm32f4xx_hal_tim_ex.c 0x00000000   Number         0  stm32f4xx_hal_tim_ex.o ABSOLUTE
    ..\Drivers\STM32F4xx_HAL_Driver\Src\stm32f4xx_hal_uart.c 0x00000000   Number         0  stm32f4xx_hal_uart.o ABSOLUTE
    ..\Src\adc.c                             0x00000000   Number         0  adc.o ABSOLUTE
    ..\Src\dma.c                             0x00000000   Number         0  dma.o ABSOLUTE
    ..\Src\gpio.c                            0x00000000   Number         0  gpio.o ABSOLUTE
    ..\Src\main.c                            0x00000000   Number         0  main.o ABSOLUTE
    ..\Src\motor.c                           0x00000000   Number         0  motor.o ABSOLUTE
    ..\Src\robot.c                           0x00000000   Number         0  robot.o ABSOLUTE
    ..\Src\spi.c                             0x00000000   Number         0  spi.o ABSOLUTE
    ..\Src\stm32f4xx_hal_msp.c               0x00000000   Number         0  stm32f4xx_hal_msp.o ABSOLUTE
    ..\Src\stm32f4xx_it.c                    0x00000000   Number         0  stm32f4xx_it.o ABSOLUTE
    ..\Src\tim.c                             0x00000000   Number         0  tim.o ABSOLUTE
    ..\Src\usart.c                           0x00000000   Number         0  usart.o ABSOLUTE
    ..\\Src\\motor.c                         0x00000000   Number         0  motor.o ABSOLUTE
    ..\\Src\\robot.c                         0x00000000   Number         0  robot.o ABSOLUTE
    ..\\Src\system_stm32f4xx.c               0x00000000   Number         0  system_stm32f4xx.o ABSOLUTE
    cdrcmple.s                               0x00000000   Number         0  cdrcmple.o ABSOLUTE
    dc.s                                     0x00000000   Number         0  dc.o ABSOLUTE
    handlers.s                               0x00000000   Number         0  handlers.o ABSOLUTE
    init.s                                   0x00000000   Number         0  init.o ABSOLUTE
    startup_stm32f407xx.s                    0x00000000   Number         0  startup_stm32f407xx.o ABSOLUTE
    RESET                                    0x08000000   Section      392  startup_stm32f407xx.o(RESET)
    .ARM.Collect$$$$00000000                 0x08000188   Section        0  entry.o(.ARM.Collect$$$$00000000)
    .ARM.Collect$$$$00000001                 0x08000188   Section        4  entry2.o(.ARM.Collect$$$$00000001)
    .ARM.Collect$$$$00000004                 0x0800018c   Section        4  entry5.o(.ARM.Collect$$$$00000004)
    .ARM.Collect$$$$00000008                 0x08000190   Section        0  entry7b.o(.ARM.Collect$$$$00000008)
    .ARM.Collect$$$$0000000A                 0x08000190   Section        0  entry8b.o(.ARM.Collect$$$$0000000A)
    .ARM.Collect$$$$0000000B                 0x08000190   Section        8  entry9a.o(.ARM.Collect$$$$0000000B)
    .ARM.Collect$$$$0000000D                 0x08000198   Section        0  entry10a.o(.ARM.Collect$$$$0000000D)
    .ARM.Collect$$$$0000000F                 0x08000198   Section        0  entry11a.o(.ARM.Collect$$$$0000000F)
    .ARM.Collect$$$$00002712                 0x08000198   Section        4  entry2.o(.ARM.Collect$$$$00002712)
    __lit__00000000                          0x08000198   Data           4  entry2.o(.ARM.Collect$$$$00002712)
    .text                                    0x0800019c   Section       36  startup_stm32f407xx.o(.text)
    $v0                                      0x0800019c   Number         0  startup_stm32f407xx.o(.text)
    .text                                    0x080001c0   Section        0  uldiv.o(.text)
    .text                                    0x08000222   Section        0  uidiv.o(.text)
    .text                                    0x0800024e   Section        0  llshl.o(.text)
    .text                                    0x0800026c   Section        0  llushr.o(.text)
    .text                                    0x0800028c   Section        0  dadd.o(.text)
    .text                                    0x0800028c   Section        0  iusefp.o(.text)
    .text                                    0x080003da   Section        0  dmul.o(.text)
    .text                                    0x080004be   Section        0  ddiv.o(.text)
    .text                                    0x0800059c   Section        0  dfixul.o(.text)
    .text                                    0x080005cc   Section       48  cdrcmple.o(.text)
    .text                                    0x080005fc   Section       36  init.o(.text)
    .text                                    0x08000620   Section        0  llsshr.o(.text)
    .text                                    0x08000644   Section        0  depilogue.o(.text)
    i.ADC_IRQHandler                         0x08000700   Section        0  stm32f4xx_it.o(i.ADC_IRQHandler)
    i.ADC_Init                               0x08000720   Section        0  stm32f4xx_hal_adc.o(i.ADC_Init)
    ADC_Init                                 0x08000721   Thumb Code   280  stm32f4xx_hal_adc.o(i.ADC_Init)
    i.ButtonInit                             0x08000844   Section        0  gpio.o(i.ButtonInit)
    i.ButtonLED_reset                        0x08000888   Section        0  gpio.o(i.ButtonLED_reset)
    i.ButtonLED_set                          0x0800089c   Section        0  gpio.o(i.ButtonLED_set)
    i.Convert_2U8_INT16                      0x080008b0   Section        0  main.o(i.Convert_2U8_INT16)
    i.DMA2_Stream0_IRQHandler                0x080008b8   Section        0  stm32f4xx_it.o(i.DMA2_Stream0_IRQHandler)
    i.DMA_CalcBaseAndBitshift                0x080008c4   Section        0  stm32f4xx_hal_dma.o(i.DMA_CalcBaseAndBitshift)
    DMA_CalcBaseAndBitshift                  0x080008c5   Thumb Code    34  stm32f4xx_hal_dma.o(i.DMA_CalcBaseAndBitshift)
    i.DMA_CheckFifoParam                     0x080008ec   Section        0  stm32f4xx_hal_dma.o(i.DMA_CheckFifoParam)
    DMA_CheckFifoParam                       0x080008ed   Thumb Code    84  stm32f4xx_hal_dma.o(i.DMA_CheckFifoParam)
    i.EXTI2_IRQHandler                       0x08000940   Section        0  stm32f4xx_it.o(i.EXTI2_IRQHandler)
    i.EXTI3_IRQHandler                       0x0800095c   Section        0  stm32f4xx_it.o(i.EXTI3_IRQHandler)
    i.EXTI4_IRQHandler                       0x08000978   Section        0  stm32f4xx_it.o(i.EXTI4_IRQHandler)
    i.EXTI9_5_IRQHandler                     0x08000994   Section        0  stm32f4xx_it.o(i.EXTI9_5_IRQHandler)
    i.GetSerialCMD                           0x080009b0   Section        0  usart.o(i.GetSerialCMD)
    i.HAL_ADCEx_InjectedConvCpltCallback     0x080009c8   Section        0  stm32f4xx_hal_adc_ex.o(i.HAL_ADCEx_InjectedConvCpltCallback)
    i.HAL_ADC_ConfigChannel                  0x080009cc   Section        0  stm32f4xx_hal_adc.o(i.HAL_ADC_ConfigChannel)
    i.HAL_ADC_ConvCpltCallback               0x08000b18   Section        0  stm32f4xx_it.o(i.HAL_ADC_ConvCpltCallback)
    i.HAL_ADC_ErrorCallback                  0x08000b1a   Section        0  stm32f4xx_hal_adc.o(i.HAL_ADC_ErrorCallback)
    i.HAL_ADC_IRQHandler                     0x08000b1c   Section        0  stm32f4xx_hal_adc.o(i.HAL_ADC_IRQHandler)
    i.HAL_ADC_Init                           0x08000c58   Section        0  stm32f4xx_hal_adc.o(i.HAL_ADC_Init)
    i.HAL_ADC_LevelOutOfWindowCallback       0x08000cac   Section        0  stm32f4xx_hal_adc.o(i.HAL_ADC_LevelOutOfWindowCallback)
    i.HAL_ADC_MspInit                        0x08000cb0   Section        0  adc.o(i.HAL_ADC_MspInit)
    i.HAL_DMA_Abort_IT                       0x08000d60   Section        0  stm32f4xx_hal_dma.o(i.HAL_DMA_Abort_IT)
    i.HAL_DMA_IRQHandler                     0x08000d84   Section        0  stm32f4xx_hal_dma.o(i.HAL_DMA_IRQHandler)
    i.HAL_DMA_Init                           0x08000f24   Section        0  stm32f4xx_hal_dma.o(i.HAL_DMA_Init)
    i.HAL_GPIO_EXTI_Callback                 0x08000ff8   Section        0  stm32f4xx_hal_gpio.o(i.HAL_GPIO_EXTI_Callback)
    i.HAL_GPIO_EXTI_IRQHandler               0x08000ffc   Section        0  stm32f4xx_hal_gpio.o(i.HAL_GPIO_EXTI_IRQHandler)
    i.HAL_GPIO_Init                          0x08001014   Section        0  stm32f4xx_hal_gpio.o(i.HAL_GPIO_Init)
    i.HAL_GPIO_TogglePin                     0x080011c4   Section        0  stm32f4xx_hal_gpio.o(i.HAL_GPIO_TogglePin)
    i.HAL_GPIO_WritePin                      0x080011cc   Section        0  stm32f4xx_hal_gpio.o(i.HAL_GPIO_WritePin)
    i.HAL_GetTick                            0x080011d8   Section        0  stm32f4xx_hal.o(i.HAL_GetTick)
    i.HAL_IncTick                            0x080011e4   Section        0  stm32f4xx_hal.o(i.HAL_IncTick)
    i.HAL_Init                               0x080011f4   Section        0  stm32f4xx_hal.o(i.HAL_Init)
    i.HAL_InitTick                           0x08001228   Section        0  stm32f4xx_hal.o(i.HAL_InitTick)
    i.HAL_MspInit                            0x08001268   Section        0  stm32f4xx_hal_msp.o(i.HAL_MspInit)
    i.HAL_MultiProcessor_Init                0x080012ec   Section        0  stm32f4xx_hal_uart.o(i.HAL_MultiProcessor_Init)
    i.HAL_NVIC_EnableIRQ                     0x0800137a   Section        0  stm32f4xx_hal_cortex.o(i.HAL_NVIC_EnableIRQ)
    i.HAL_NVIC_SetPriority                   0x08001390   Section        0  stm32f4xx_hal_cortex.o(i.HAL_NVIC_SetPriority)
    i.HAL_NVIC_SetPriorityGrouping           0x080013d0   Section        0  stm32f4xx_hal_cortex.o(i.HAL_NVIC_SetPriorityGrouping)
    i.HAL_RCC_ClockConfig                    0x080013f4   Section        0  stm32f4xx_hal_rcc.o(i.HAL_RCC_ClockConfig)
    i.HAL_RCC_GetHCLKFreq                    0x08001524   Section        0  stm32f4xx_hal_rcc.o(i.HAL_RCC_GetHCLKFreq)
    i.HAL_RCC_GetPCLK1Freq                   0x08001530   Section        0  stm32f4xx_hal_rcc.o(i.HAL_RCC_GetPCLK1Freq)
    i.HAL_RCC_GetPCLK2Freq                   0x08001550   Section        0  stm32f4xx_hal_rcc.o(i.HAL_RCC_GetPCLK2Freq)
    i.HAL_RCC_GetSysClockFreq                0x08001570   Section        0  stm32f4xx_hal_rcc.o(i.HAL_RCC_GetSysClockFreq)
    i.HAL_RCC_OscConfig                      0x080015d0   Section        0  stm32f4xx_hal_rcc.o(i.HAL_RCC_OscConfig)
    i.HAL_SPI_Init                           0x080018ec   Section        0  stm32f4xx_hal_spi.o(i.HAL_SPI_Init)
    i.HAL_SPI_MspInit                        0x0800196c   Section        0  spi.o(i.HAL_SPI_MspInit)
    i.HAL_SYSTICK_CLKSourceConfig            0x080019b4   Section        0  stm32f4xx_hal_cortex.o(i.HAL_SYSTICK_CLKSourceConfig)
    i.HAL_SYSTICK_Callback                   0x080019cc   Section        0  stm32f4xx_hal_cortex.o(i.HAL_SYSTICK_Callback)
    i.HAL_SYSTICK_Config                     0x080019ce   Section        0  stm32f4xx_hal_cortex.o(i.HAL_SYSTICK_Config)
    i.HAL_SYSTICK_IRQHandler                 0x080019f6   Section        0  stm32f4xx_hal_cortex.o(i.HAL_SYSTICK_IRQHandler)
    i.HAL_TIMEx_BreakCallback                0x080019fe   Section        0  stm32f4xx_hal_tim_ex.o(i.HAL_TIMEx_BreakCallback)
    i.HAL_TIMEx_CommutationCallback          0x08001a00   Section        0  stm32f4xx_hal_tim_ex.o(i.HAL_TIMEx_CommutationCallback)
    i.HAL_TIMEx_MasterConfigSynchronization  0x08001a02   Section        0  stm32f4xx_hal_tim_ex.o(i.HAL_TIMEx_MasterConfigSynchronization)
    i.HAL_TIM_Base_Init                      0x08001a52   Section        0  stm32f4xx_hal_tim.o(i.HAL_TIM_Base_Init)
    i.HAL_TIM_Base_MspInit                   0x08001a88   Section        0  tim.o(i.HAL_TIM_Base_MspInit)
    i.HAL_TIM_Base_Start                     0x08001ab0   Section        0  stm32f4xx_hal_tim.o(i.HAL_TIM_Base_Start)
    i.HAL_TIM_Base_Start_IT                  0x08001aca   Section        0  stm32f4xx_hal_tim.o(i.HAL_TIM_Base_Start_IT)
    i.HAL_TIM_ConfigClockSource              0x08001ae2   Section        0  stm32f4xx_hal_tim.o(i.HAL_TIM_ConfigClockSource)
    i.HAL_TIM_Encoder_Init                   0x08001bd4   Section        0  stm32f4xx_hal_tim.o(i.HAL_TIM_Encoder_Init)
    i.HAL_TIM_Encoder_MspInit                0x08001c6c   Section        0  tim.o(i.HAL_TIM_Encoder_MspInit)
    i.HAL_TIM_Encoder_Start                  0x08001d50   Section        0  stm32f4xx_hal_tim.o(i.HAL_TIM_Encoder_Start)
    i.HAL_TIM_IC_CaptureCallback             0x08001d84   Section        0  stm32f4xx_hal_tim.o(i.HAL_TIM_IC_CaptureCallback)
    i.HAL_TIM_IRQHandler                     0x08001d86   Section        0  stm32f4xx_hal_tim.o(i.HAL_TIM_IRQHandler)
    i.HAL_TIM_MspPostInit                    0x08001eec   Section        0  tim.o(i.HAL_TIM_MspPostInit)
    i.HAL_TIM_OC_DelayElapsedCallback        0x08001f40   Section        0  stm32f4xx_hal_tim.o(i.HAL_TIM_OC_DelayElapsedCallback)
    i.HAL_TIM_PWM_ConfigChannel              0x08001f42   Section        0  stm32f4xx_hal_tim.o(i.HAL_TIM_PWM_ConfigChannel)
    i.HAL_TIM_PWM_Init                       0x08002012   Section        0  stm32f4xx_hal_tim.o(i.HAL_TIM_PWM_Init)
    i.HAL_TIM_PWM_MspInit                    0x08002048   Section        0  tim.o(i.HAL_TIM_PWM_MspInit)
    i.HAL_TIM_PWM_PulseFinishedCallback      0x0800208c   Section        0  stm32f4xx_hal_tim.o(i.HAL_TIM_PWM_PulseFinishedCallback)
    i.HAL_TIM_PWM_Start                      0x08002090   Section        0  stm32f4xx_hal_tim.o(i.HAL_TIM_PWM_Start)
    i.HAL_TIM_PeriodElapsedCallback          0x080020c8   Section        0  stm32f4xx_hal_tim.o(i.HAL_TIM_PeriodElapsedCallback)
    i.HAL_TIM_TriggerCallback                0x080020ca   Section        0  stm32f4xx_hal_tim.o(i.HAL_TIM_TriggerCallback)
    i.HAL_UART_ErrorCallback                 0x080020cc   Section        0  stm32f4xx_hal_uart.o(i.HAL_UART_ErrorCallback)
    i.HAL_UART_IRQHandler                    0x080020d0   Section        0  stm32f4xx_hal_uart.o(i.HAL_UART_IRQHandler)
    i.HAL_UART_Init                          0x080021e0   Section        0  stm32f4xx_hal_uart.o(i.HAL_UART_Init)
    i.HAL_UART_MspInit                       0x08002244   Section        0  usart.o(i.HAL_UART_MspInit)
    i.HAL_UART_Receive_IT                    0x080022d8   Section        0  stm32f4xx_hal_uart.o(i.HAL_UART_Receive_IT)
    i.HAL_UART_RxCpltCallback                0x08002320   Section        0  usart.o(i.HAL_UART_RxCpltCallback)
    i.HAL_UART_Transmit_IT                   0x08002350   Section        0  stm32f4xx_hal_uart.o(i.HAL_UART_Transmit_IT)
    i.HAL_UART_TxCpltCallback                0x08002390   Section        0  usart.o(i.HAL_UART_TxCpltCallback)
    i.InitButtons                            0x080023a0   Section        0  main.o(i.InitButtons)
    i.InitMotors                             0x080023d8   Section        0  main.o(i.InitMotors)
    i.MX_ADC1_Init                           0x080024d4   Section        0  adc.o(i.MX_ADC1_Init)
    i.MX_DMA_Init                            0x080025b0   Section        0  dma.o(i.MX_DMA_Init)
    i.MX_GPIO_Init                           0x080025dc   Section        0  gpio.o(i.MX_GPIO_Init)
    i.MX_NVIC_Init                           0x0800282c   Section        0  main.o(i.MX_NVIC_Init)
    MX_NVIC_Init                             0x0800282d   Thumb Code   102  main.o(i.MX_NVIC_Init)
    i.MX_SPI1_Init                           0x08002894   Section        0  spi.o(i.MX_SPI1_Init)
    i.MX_TIM12_Init                          0x080028ec   Section        0  tim.o(i.MX_TIM12_Init)
    i.MX_TIM1_Init                           0x0800296c   Section        0  tim.o(i.MX_TIM1_Init)
    i.MX_TIM2_Init                           0x080029e4   Section        0  tim.o(i.MX_TIM2_Init)
    i.MX_TIM3_Init                           0x08002a54   Section        0  tim.o(i.MX_TIM3_Init)
    i.MX_TIM4_Init                           0x08002ac8   Section        0  tim.o(i.MX_TIM4_Init)
    i.MX_TIM5_Init                           0x08002b3c   Section        0  tim.o(i.MX_TIM5_Init)
    i.MX_TIM9_Init                           0x08002bb0   Section        0  tim.o(i.MX_TIM9_Init)
    i.MX_USART2_UART_Init                    0x08002c2c   Section        0  usart.o(i.MX_USART2_UART_Init)
    i.MX_USART3_UART_Init                    0x08002c78   Section        0  usart.o(i.MX_USART3_UART_Init)
    i.MotorControl_PID                       0x08002cc8   Section        0  motor.o(i.MotorControl_PID)
    i.MotorInit                              0x08002d4c   Section        0  motor.o(i.MotorInit)
    i.MotorSet_Setpoint                      0x08002d84   Section        0  motor.o(i.MotorSet_Setpoint)
    i.MotorSet_speed                         0x08002d88   Section        0  motor.o(i.MotorSet_speed)
    i.MotorUpdate_Encoder                    0x08003044   Section        0  motor.o(i.MotorUpdate_Encoder)
    i.NVIC_SetPriority                       0x080030f8   Section        0  stm32f4xx_hal_cortex.o(i.NVIC_SetPriority)
    NVIC_SetPriority                         0x080030f9   Thumb Code    32  stm32f4xx_hal_cortex.o(i.NVIC_SetPriority)
    i.Robot_CalWheelSpeed                    0x08003118   Section        0  robot.o(i.Robot_CalWheelSpeed)
    i.SerialReceiveCMD                       0x080031d0   Section        0  usart.o(i.SerialReceiveCMD)
    i.SysTick_Handler                        0x080032b0   Section        0  stm32f4xx_it.o(i.SysTick_Handler)
    i.SystemClock_Config                     0x080032c0   Section        0  main.o(i.SystemClock_Config)
    i.SystemInit                             0x08003360   Section        0  system_stm32f4xx.o(i.SystemInit)
    i.TIM5_IRQHandler                        0x080033b4   Section        0  stm32f4xx_it.o(i.TIM5_IRQHandler)
    i.TIM_Base_SetConfig                     0x080033e0   Section        0  stm32f4xx_hal_tim.o(i.TIM_Base_SetConfig)
    i.TIM_CCxChannelCmd                      0x080034a0   Section        0  stm32f4xx_hal_tim.o(i.TIM_CCxChannelCmd)
    i.TIM_ETR_SetConfig                      0x080034b6   Section        0  stm32f4xx_hal_tim.o(i.TIM_ETR_SetConfig)
    TIM_ETR_SetConfig                        0x080034b7   Thumb Code    20  stm32f4xx_hal_tim.o(i.TIM_ETR_SetConfig)
    i.TIM_ITRx_SetConfig                     0x080034ca   Section        0  stm32f4xx_hal_tim.o(i.TIM_ITRx_SetConfig)
    TIM_ITRx_SetConfig                       0x080034cb   Thumb Code    16  stm32f4xx_hal_tim.o(i.TIM_ITRx_SetConfig)
    i.TIM_OC1_SetConfig                      0x080034dc   Section        0  stm32f4xx_hal_tim.o(i.TIM_OC1_SetConfig)
    TIM_OC1_SetConfig                        0x080034dd   Thumb Code    80  stm32f4xx_hal_tim.o(i.TIM_OC1_SetConfig)
    i.TIM_OC2_SetConfig                      0x08003534   Section        0  stm32f4xx_hal_tim.o(i.TIM_OC2_SetConfig)
    i.TIM_OC3_SetConfig                      0x08003598   Section        0  stm32f4xx_hal_tim.o(i.TIM_OC3_SetConfig)
    TIM_OC3_SetConfig                        0x08003599   Thumb Code    88  stm32f4xx_hal_tim.o(i.TIM_OC3_SetConfig)
    i.TIM_OC4_SetConfig                      0x080035f8   Section        0  stm32f4xx_hal_tim.o(i.TIM_OC4_SetConfig)
    TIM_OC4_SetConfig                        0x080035f9   Thumb Code    70  stm32f4xx_hal_tim.o(i.TIM_OC4_SetConfig)
    i.TIM_TI1_ConfigInputStage               0x08003648   Section        0  stm32f4xx_hal_tim.o(i.TIM_TI1_ConfigInputStage)
    TIM_TI1_ConfigInputStage                 0x08003649   Thumb Code    34  stm32f4xx_hal_tim.o(i.TIM_TI1_ConfigInputStage)
    i.TIM_TI2_ConfigInputStage               0x0800366a   Section        0  stm32f4xx_hal_tim.o(i.TIM_TI2_ConfigInputStage)
    TIM_TI2_ConfigInputStage                 0x0800366b   Thumb Code    36  stm32f4xx_hal_tim.o(i.TIM_TI2_ConfigInputStage)
    i.UART_DMAAbortOnError                   0x0800368e   Section        0  stm32f4xx_hal_uart.o(i.UART_DMAAbortOnError)
    UART_DMAAbortOnError                     0x0800368f   Thumb Code    16  stm32f4xx_hal_uart.o(i.UART_DMAAbortOnError)
    i.UART_EndRxTransfer                     0x0800369e   Section        0  stm32f4xx_hal_uart.o(i.UART_EndRxTransfer)
    UART_EndRxTransfer                       0x0800369f   Thumb Code    28  stm32f4xx_hal_uart.o(i.UART_EndRxTransfer)
    i.UART_Receive_IT                        0x080036ba   Section        0  stm32f4xx_hal_uart.o(i.UART_Receive_IT)
    UART_Receive_IT                          0x080036bb   Thumb Code   140  stm32f4xx_hal_uart.o(i.UART_Receive_IT)
    i.UART_SetConfig                         0x08003748   Section        0  stm32f4xx_hal_uart.o(i.UART_SetConfig)
    UART_SetConfig                           0x08003749   Thumb Code   676  stm32f4xx_hal_uart.o(i.UART_SetConfig)
    i.UART_Transmit_IT                       0x080039f4   Section        0  stm32f4xx_hal_uart.o(i.UART_Transmit_IT)
    UART_Transmit_IT                         0x080039f5   Thumb Code    98  stm32f4xx_hal_uart.o(i.UART_Transmit_IT)
    i.USART2_IRQHandler                      0x08003a58   Section        0  stm32f4xx_it.o(i.USART2_IRQHandler)
    i._Error_Handler                         0x08003a78   Section        0  main.o(i._Error_Handler)
    i.__0printf                              0x08003a7c   Section        0  printfa.o(i.__0printf)
    i.__scatterload_copy                     0x08003a9c   Section       14  handlers.o(i.__scatterload_copy)
    i.__scatterload_null                     0x08003aaa   Section        2  handlers.o(i.__scatterload_null)
    i.__scatterload_zeroinit                 0x08003aac   Section       14  handlers.o(i.__scatterload_zeroinit)
    i._fp_digits                             0x08003abc   Section        0  printfa.o(i._fp_digits)
    _fp_digits                               0x08003abd   Thumb Code   366  printfa.o(i._fp_digits)
    i._printf_core                           0x08003c40   Section        0  printfa.o(i._printf_core)
    _printf_core                             0x08003c41   Thumb Code  1744  printfa.o(i._printf_core)
    i._printf_post_padding                   0x0800431c   Section        0  printfa.o(i._printf_post_padding)
    _printf_post_padding                     0x0800431d   Thumb Code    36  printfa.o(i._printf_post_padding)
    i._printf_pre_padding                    0x08004340   Section        0  printfa.o(i._printf_pre_padding)
    _printf_pre_padding                      0x08004341   Thumb Code    46  printfa.o(i._printf_pre_padding)
    i.calEncoder_value                       0x08004370   Section        0  motor.o(i.calEncoder_value)
    i.fputc                                  0x08004384   Section        0  main.o(i.fputc)
    i.int16Conv                              0x080043ac   Section        0  motor.o(i.int16Conv)
    i.main                                   0x080043b4   Section        0  main.o(i.main)
    i.reportEncoder                          0x08004488   Section        0  motor.o(i.reportEncoder)
    i.systemSM_Update                        0x0800451c   Section        0  main.o(i.systemSM_Update)
    .constdata                               0x080047fc   Section        8  stm32f4xx_hal_dma.o(.constdata)
    flagBitshiftOffset                       0x080047fc   Data           8  stm32f4xx_hal_dma.o(.constdata)
    .constdata                               0x08004804   Section       16  system_stm32f4xx.o(.constdata)
    .constdata                               0x08004814   Section        8  system_stm32f4xx.o(.constdata)
    .data                                    0x20000000   Section        2  motor.o(.data)
    Encoder_value                            0x20000000   Data           2  motor.o(.data)
    .data                                    0x20000004   Section       16  main.o(.data)
    .data                                    0x20000014   Section       12  stm32f4xx_hal.o(.data)
    .data                                    0x20000020   Section        4  system_stm32f4xx.o(.data)
    .data                                    0x20000024   Section        4  stdout.o(.data)
    .bss                                     0x20000028   Section      224  motor.o(.bss)
    .bss                                     0x20000108   Section       16  gpio.o(.bss)
    .bss                                     0x20000118   Section       16  gpio.o(.bss)
    .bss                                     0x20000128   Section       16  gpio.o(.bss)
    .bss                                     0x20000138   Section       16  gpio.o(.bss)
    .bss                                     0x20000148   Section      168  adc.o(.bss)
    .bss                                     0x200001f0   Section       88  spi.o(.bss)
    .bss                                     0x20000248   Section      420  tim.o(.bss)
    .bss                                     0x200003ec   Section       12  usart.o(.bss)
    .bss                                     0x200003f8   Section      148  usart.o(.bss)
    .bss                                     0x2000048c   Section       12  robot.o(.bss)
    STACK                                    0x20000498   Section     1024  startup_stm32f407xx.o(STACK)

    Global Symbols

    Symbol Name                              Value     Ov Type        Size  Object(Section)

    BuildAttributes$$THM_ISAv4$E$P$D$K$B$S$7EM$VFPi3$EXTD16$VFPS$VFMA$PE$A:L22UL41UL21$X:L11$S22US41US21$IEEE1$IW$USESV6$~STKCKD$USESV7$~SHL$OSPACE$ROPI$EBA8$MICROLIB$REQ8$PRES8$EABIv2 0x00000000   Number         0  anon$$obj.o ABSOLUTE
    __ARM_use_no_argv                        0x00000000   Number         0  main.o ABSOLUTE
    _printf_a                                0x00000000   Number         0  stubs.o ABSOLUTE
    _printf_c                                0x00000000   Number         0  stubs.o ABSOLUTE
    _printf_charcount                        0x00000000   Number         0  stubs.o ABSOLUTE
    _printf_d                                0x00000000   Number         0  stubs.o ABSOLUTE
    _printf_e                                0x00000000   Number         0  stubs.o ABSOLUTE
    _printf_f                                0x00000000   Number         0  stubs.o ABSOLUTE
    _printf_flags                            0x00000000   Number         0  stubs.o ABSOLUTE
    _printf_fp_dec                           0x00000000   Number         0  stubs.o ABSOLUTE
    _printf_fp_hex                           0x00000000   Number         0  stubs.o ABSOLUTE
    _printf_g                                0x00000000   Number         0  stubs.o ABSOLUTE
    _printf_i                                0x00000000   Number         0  stubs.o ABSOLUTE
    _printf_int_dec                          0x00000000   Number         0  stubs.o ABSOLUTE
    _printf_l                                0x00000000   Number         0  stubs.o ABSOLUTE
    _printf_lc                               0x00000000   Number         0  stubs.o ABSOLUTE
    _printf_ll                               0x00000000   Number         0  stubs.o ABSOLUTE
    _printf_lld                              0x00000000   Number         0  stubs.o ABSOLUTE
    _printf_lli                              0x00000000   Number         0  stubs.o ABSOLUTE
    _printf_llo                              0x00000000   Number         0  stubs.o ABSOLUTE
    _printf_llu                              0x00000000   Number         0  stubs.o ABSOLUTE
    _printf_llx                              0x00000000   Number         0  stubs.o ABSOLUTE
    _printf_longlong_dec                     0x00000000   Number         0  stubs.o ABSOLUTE
    _printf_longlong_hex                     0x00000000   Number         0  stubs.o ABSOLUTE
    _printf_longlong_oct                     0x00000000   Number         0  stubs.o ABSOLUTE
    _printf_ls                               0x00000000   Number         0  stubs.o ABSOLUTE
    _printf_mbtowc                           0x00000000   Number         0  stubs.o ABSOLUTE
    _printf_n                                0x00000000   Number         0  stubs.o ABSOLUTE
    _printf_o                                0x00000000   Number         0  stubs.o ABSOLUTE
    _printf_p                                0x00000000   Number         0  stubs.o ABSOLUTE
    _printf_percent                          0x00000000   Number         0  stubs.o ABSOLUTE
    _printf_pre_padding                      0x00000000   Number         0  stubs.o ABSOLUTE
    _printf_return_value                     0x00000000   Number         0  stubs.o ABSOLUTE
    _printf_s                                0x00000000   Number         0  stubs.o ABSOLUTE
    _printf_sizespec                         0x00000000   Number         0  stubs.o ABSOLUTE
    _printf_str                              0x00000000   Number         0  stubs.o ABSOLUTE
    _printf_truncate_signed                  0x00000000   Number         0  stubs.o ABSOLUTE
    _printf_truncate_unsigned                0x00000000   Number         0  stubs.o ABSOLUTE
    _printf_u                                0x00000000   Number         0  stubs.o ABSOLUTE
    _printf_wc                               0x00000000   Number         0  stubs.o ABSOLUTE
    _printf_wctomb                           0x00000000   Number         0  stubs.o ABSOLUTE
    _printf_widthprec                        0x00000000   Number         0  stubs.o ABSOLUTE
    _printf_x                                0x00000000   Number         0  stubs.o ABSOLUTE
    __cpp_initialize__aeabi_                  - Undefined Weak Reference
    __cxa_finalize                            - Undefined Weak Reference
    __decompress                              - Undefined Weak Reference
    _clock_init                               - Undefined Weak Reference
    _microlib_exit                            - Undefined Weak Reference
    __Vectors_Size                           0x00000188   Number         0  startup_stm32f407xx.o ABSOLUTE
    __Vectors                                0x08000000   Data           4  startup_stm32f407xx.o(RESET)
    __Vectors_End                            0x08000188   Data           0  startup_stm32f407xx.o(RESET)
    __main                                   0x08000189   Thumb Code     0  entry.o(.ARM.Collect$$$$00000000)
    _main_stk                                0x08000189   Thumb Code     0  entry2.o(.ARM.Collect$$$$00000001)
    _main_scatterload                        0x0800018d   Thumb Code     0  entry5.o(.ARM.Collect$$$$00000004)
    __main_after_scatterload                 0x08000191   Thumb Code     0  entry5.o(.ARM.Collect$$$$00000004)
    _main_clock                              0x08000191   Thumb Code     0  entry7b.o(.ARM.Collect$$$$00000008)
    _main_cpp_init                           0x08000191   Thumb Code     0  entry8b.o(.ARM.Collect$$$$0000000A)
    _main_init                               0x08000191   Thumb Code     0  entry9a.o(.ARM.Collect$$$$0000000B)
    __rt_final_cpp                           0x08000199   Thumb Code     0  entry10a.o(.ARM.Collect$$$$0000000D)
    __rt_final_exit                          0x08000199   Thumb Code     0  entry11a.o(.ARM.Collect$$$$0000000F)
    Reset_Handler                            0x0800019d   Thumb Code     8  startup_stm32f407xx.o(.text)
    NMI_Handler                              0x080001a5   Thumb Code     2  startup_stm32f407xx.o(.text)
    HardFault_Handler                        0x080001a7   Thumb Code     2  startup_stm32f407xx.o(.text)
    MemManage_Handler                        0x080001a9   Thumb Code     2  startup_stm32f407xx.o(.text)
    BusFault_Handler                         0x080001ab   Thumb Code     2  startup_stm32f407xx.o(.text)
    UsageFault_Handler                       0x080001ad   Thumb Code     2  startup_stm32f407xx.o(.text)
    SVC_Handler                              0x080001af   Thumb Code     2  startup_stm32f407xx.o(.text)
    DebugMon_Handler                         0x080001b1   Thumb Code     2  startup_stm32f407xx.o(.text)
    PendSV_Handler                           0x080001b3   Thumb Code     2  startup_stm32f407xx.o(.text)
    CAN1_RX0_IRQHandler                      0x080001b7   Thumb Code     0  startup_stm32f407xx.o(.text)
    CAN1_RX1_IRQHandler                      0x080001b7   Thumb Code     0  startup_stm32f407xx.o(.text)
    CAN1_SCE_IRQHandler                      0x080001b7   Thumb Code     0  startup_stm32f407xx.o(.text)
    CAN1_TX_IRQHandler                       0x080001b7   Thumb Code     0  startup_stm32f407xx.o(.text)
    CAN2_RX0_IRQHandler                      0x080001b7   Thumb Code     0  startup_stm32f407xx.o(.text)
    CAN2_RX1_IRQHandler                      0x080001b7   Thumb Code     0  startup_stm32f407xx.o(.text)
    CAN2_SCE_IRQHandler                      0x080001b7   Thumb Code     0  startup_stm32f407xx.o(.text)
    CAN2_TX_IRQHandler                       0x080001b7   Thumb Code     0  startup_stm32f407xx.o(.text)
    DCMI_IRQHandler                          0x080001b7   Thumb Code     0  startup_stm32f407xx.o(.text)
    DMA1_Stream0_IRQHandler                  0x080001b7   Thumb Code     0  startup_stm32f407xx.o(.text)
    DMA1_Stream1_IRQHandler                  0x080001b7   Thumb Code     0  startup_stm32f407xx.o(.text)
    DMA1_Stream2_IRQHandler                  0x080001b7   Thumb Code     0  startup_stm32f407xx.o(.text)
    DMA1_Stream3_IRQHandler                  0x080001b7   Thumb Code     0  startup_stm32f407xx.o(.text)
    DMA1_Stream4_IRQHandler                  0x080001b7   Thumb Code     0  startup_stm32f407xx.o(.text)
    DMA1_Stream5_IRQHandler                  0x080001b7   Thumb Code     0  startup_stm32f407xx.o(.text)
    DMA1_Stream6_IRQHandler                  0x080001b7   Thumb Code     0  startup_stm32f407xx.o(.text)
    DMA1_Stream7_IRQHandler                  0x080001b7   Thumb Code     0  startup_stm32f407xx.o(.text)
    DMA2_Stream1_IRQHandler                  0x080001b7   Thumb Code     0  startup_stm32f407xx.o(.text)
    DMA2_Stream2_IRQHandler                  0x080001b7   Thumb Code     0  startup_stm32f407xx.o(.text)
    DMA2_Stream3_IRQHandler                  0x080001b7   Thumb Code     0  startup_stm32f407xx.o(.text)
    DMA2_Stream4_IRQHandler                  0x080001b7   Thumb Code     0  startup_stm32f407xx.o(.text)
    DMA2_Stream5_IRQHandler                  0x080001b7   Thumb Code     0  startup_stm32f407xx.o(.text)
    DMA2_Stream6_IRQHandler                  0x080001b7   Thumb Code     0  startup_stm32f407xx.o(.text)
    DMA2_Stream7_IRQHandler                  0x080001b7   Thumb Code     0  startup_stm32f407xx.o(.text)
    ETH_IRQHandler                           0x080001b7   Thumb Code     0  startup_stm32f407xx.o(.text)
    ETH_WKUP_IRQHandler                      0x080001b7   Thumb Code     0  startup_stm32f407xx.o(.text)
    EXTI0_IRQHandler                         0x080001b7   Thumb Code     0  startup_stm32f407xx.o(.text)
    EXTI15_10_IRQHandler                     0x080001b7   Thumb Code     0  startup_stm32f407xx.o(.text)
    EXTI1_IRQHandler                         0x080001b7   Thumb Code     0  startup_stm32f407xx.o(.text)
    FLASH_IRQHandler                         0x080001b7   Thumb Code     0  startup_stm32f407xx.o(.text)
    FMC_IRQHandler                           0x080001b7   Thumb Code     0  startup_stm32f407xx.o(.text)
    FPU_IRQHandler                           0x080001b7   Thumb Code     0  startup_stm32f407xx.o(.text)
    HASH_RNG_IRQHandler                      0x080001b7   Thumb Code     0  startup_stm32f407xx.o(.text)
    I2C1_ER_IRQHandler                       0x080001b7   Thumb Code     0  startup_stm32f407xx.o(.text)
    I2C1_EV_IRQHandler                       0x080001b7   Thumb Code     0  startup_stm32f407xx.o(.text)
    I2C2_ER_IRQHandler                       0x080001b7   Thumb Code     0  startup_stm32f407xx.o(.text)
    I2C2_EV_IRQHandler                       0x080001b7   Thumb Code     0  startup_stm32f407xx.o(.text)
    I2C3_ER_IRQHandler                       0x080001b7   Thumb Code     0  startup_stm32f407xx.o(.text)
    I2C3_EV_IRQHandler                       0x080001b7   Thumb Code     0  startup_stm32f407xx.o(.text)
    OTG_FS_IRQHandler                        0x080001b7   Thumb Code     0  startup_stm32f407xx.o(.text)
    OTG_FS_WKUP_IRQHandler                   0x080001b7   Thumb Code     0  startup_stm32f407xx.o(.text)
    OTG_HS_EP1_IN_IRQHandler                 0x080001b7   Thumb Code     0  startup_stm32f407xx.o(.text)
    OTG_HS_EP1_OUT_IRQHandler                0x080001b7   Thumb Code     0  startup_stm32f407xx.o(.text)
    OTG_HS_IRQHandler                        0x080001b7   Thumb Code     0  startup_stm32f407xx.o(.text)
    OTG_HS_WKUP_IRQHandler                   0x080001b7   Thumb Code     0  startup_stm32f407xx.o(.text)
    PVD_IRQHandler                           0x080001b7   Thumb Code     0  startup_stm32f407xx.o(.text)
    RCC_IRQHandler                           0x080001b7   Thumb Code     0  startup_stm32f407xx.o(.text)
    RTC_Alarm_IRQHandler                     0x080001b7   Thumb Code     0  startup_stm32f407xx.o(.text)
    RTC_WKUP_IRQHandler                      0x080001b7   Thumb Code     0  startup_stm32f407xx.o(.text)
    SDIO_IRQHandler                          0x080001b7   Thumb Code     0  startup_stm32f407xx.o(.text)
    SPI1_IRQHandler                          0x080001b7   Thumb Code     0  startup_stm32f407xx.o(.text)
    SPI2_IRQHandler                          0x080001b7   Thumb Code     0  startup_stm32f407xx.o(.text)
    SPI3_IRQHandler                          0x080001b7   Thumb Code     0  startup_stm32f407xx.o(.text)
    TAMP_STAMP_IRQHandler                    0x080001b7   Thumb Code     0  startup_stm32f407xx.o(.text)
    TIM1_BRK_TIM9_IRQHandler                 0x080001b7   Thumb Code     0  startup_stm32f407xx.o(.text)
    TIM1_CC_IRQHandler                       0x080001b7   Thumb Code     0  startup_stm32f407xx.o(.text)
    TIM1_TRG_COM_TIM11_IRQHandler            0x080001b7   Thumb Code     0  startup_stm32f407xx.o(.text)
    TIM1_UP_TIM10_IRQHandler                 0x080001b7   Thumb Code     0  startup_stm32f407xx.o(.text)
    TIM2_IRQHandler                          0x080001b7   Thumb Code     0  startup_stm32f407xx.o(.text)
    TIM3_IRQHandler                          0x080001b7   Thumb Code     0  startup_stm32f407xx.o(.text)
    TIM4_IRQHandler                          0x080001b7   Thumb Code     0  startup_stm32f407xx.o(.text)
    TIM6_DAC_IRQHandler                      0x080001b7   Thumb Code     0  startup_stm32f407xx.o(.text)
    TIM7_IRQHandler                          0x080001b7   Thumb Code     0  startup_stm32f407xx.o(.text)
    TIM8_BRK_TIM12_IRQHandler                0x080001b7   Thumb Code     0  startup_stm32f407xx.o(.text)
    TIM8_CC_IRQHandler                       0x080001b7   Thumb Code     0  startup_stm32f407xx.o(.text)
    TIM8_TRG_COM_TIM14_IRQHandler            0x080001b7   Thumb Code     0  startup_stm32f407xx.o(.text)
    TIM8_UP_TIM13_IRQHandler                 0x080001b7   Thumb Code     0  startup_stm32f407xx.o(.text)
    UART4_IRQHandler                         0x080001b7   Thumb Code     0  startup_stm32f407xx.o(.text)
    UART5_IRQHandler                         0x080001b7   Thumb Code     0  startup_stm32f407xx.o(.text)
    USART1_IRQHandler                        0x080001b7   Thumb Code     0  startup_stm32f407xx.o(.text)
    USART3_IRQHandler                        0x080001b7   Thumb Code     0  startup_stm32f407xx.o(.text)
    USART6_IRQHandler                        0x080001b7   Thumb Code     0  startup_stm32f407xx.o(.text)
    WWDG_IRQHandler                          0x080001b7   Thumb Code     0  startup_stm32f407xx.o(.text)
    __aeabi_uldivmod                         0x080001c1   Thumb Code    98  uldiv.o(.text)
    __aeabi_uidiv                            0x08000223   Thumb Code     0  uidiv.o(.text)
    __aeabi_uidivmod                         0x08000223   Thumb Code    44  uidiv.o(.text)
    __aeabi_llsl                             0x0800024f   Thumb Code    30  llshl.o(.text)
    _ll_shift_l                              0x0800024f   Thumb Code     0  llshl.o(.text)
    __aeabi_llsr                             0x0800026d   Thumb Code    32  llushr.o(.text)
    _ll_ushift_r                             0x0800026d   Thumb Code     0  llushr.o(.text)
    __I$use$fp                               0x0800028d   Thumb Code     0  iusefp.o(.text)
    __aeabi_dadd                             0x0800028d   Thumb Code   322  dadd.o(.text)
    __aeabi_dsub                             0x080003cf   Thumb Code     6  dadd.o(.text)
    __aeabi_drsub                            0x080003d5   Thumb Code     6  dadd.o(.text)
    __aeabi_dmul                             0x080003db   Thumb Code   228  dmul.o(.text)
    __aeabi_ddiv                             0x080004bf   Thumb Code   222  ddiv.o(.text)
    __aeabi_d2ulz                            0x0800059d   Thumb Code    48  dfixul.o(.text)
    __aeabi_cdrcmple                         0x080005cd   Thumb Code    48  cdrcmple.o(.text)
    __scatterload                            0x080005fd   Thumb Code    28  init.o(.text)
    __scatterload_rt2                        0x080005fd   Thumb Code     0  init.o(.text)
    __aeabi_lasr                             0x08000621   Thumb Code    36  llsshr.o(.text)
    _ll_sshift_r                             0x08000621   Thumb Code     0  llsshr.o(.text)
    _double_round                            0x08000645   Thumb Code    30  depilogue.o(.text)
    _double_epilogue                         0x08000663   Thumb Code   156  depilogue.o(.text)
    ADC_IRQHandler                           0x08000701   Thumb Code    22  stm32f4xx_it.o(i.ADC_IRQHandler)
    ButtonInit                               0x08000845   Thumb Code    60  gpio.o(i.ButtonInit)
    ButtonLED_reset                          0x08000889   Thumb Code    20  gpio.o(i.ButtonLED_reset)
    ButtonLED_set                            0x0800089d   Thumb Code    20  gpio.o(i.ButtonLED_set)
    Convert_2U8_INT16                        0x080008b1   Thumb Code     8  main.o(i.Convert_2U8_INT16)
    DMA2_Stream0_IRQHandler                  0x080008b9   Thumb Code     6  stm32f4xx_it.o(i.DMA2_Stream0_IRQHandler)
    EXTI2_IRQHandler                         0x08000941   Thumb Code    22  stm32f4xx_it.o(i.EXTI2_IRQHandler)
    EXTI3_IRQHandler                         0x0800095d   Thumb Code    22  stm32f4xx_it.o(i.EXTI3_IRQHandler)
    EXTI4_IRQHandler                         0x08000979   Thumb Code    22  stm32f4xx_it.o(i.EXTI4_IRQHandler)
    EXTI9_5_IRQHandler                       0x08000995   Thumb Code    22  stm32f4xx_it.o(i.EXTI9_5_IRQHandler)
    GetSerialCMD                             0x080009b1   Thumb Code    18  usart.o(i.GetSerialCMD)
    HAL_ADCEx_InjectedConvCpltCallback       0x080009c9   Thumb Code     2  stm32f4xx_hal_adc_ex.o(i.HAL_ADCEx_InjectedConvCpltCallback)
    HAL_ADC_ConfigChannel                    0x080009cd   Thumb Code   316  stm32f4xx_hal_adc.o(i.HAL_ADC_ConfigChannel)
    HAL_ADC_ConvCpltCallback                 0x08000b19   Thumb Code     2  stm32f4xx_it.o(i.HAL_ADC_ConvCpltCallback)
    HAL_ADC_ErrorCallback                    0x08000b1b   Thumb Code     2  stm32f4xx_hal_adc.o(i.HAL_ADC_ErrorCallback)
    HAL_ADC_IRQHandler                       0x08000b1d   Thumb Code   316  stm32f4xx_hal_adc.o(i.HAL_ADC_IRQHandler)
    HAL_ADC_Init                             0x08000c59   Thumb Code    84  stm32f4xx_hal_adc.o(i.HAL_ADC_Init)
    HAL_ADC_LevelOutOfWindowCallback         0x08000cad   Thumb Code     2  stm32f4xx_hal_adc.o(i.HAL_ADC_LevelOutOfWindowCallback)
    HAL_ADC_MspInit                          0x08000cb1   Thumb Code   134  adc.o(i.HAL_ADC_MspInit)
    HAL_DMA_Abort_IT                         0x08000d61   Thumb Code    36  stm32f4xx_hal_dma.o(i.HAL_DMA_Abort_IT)
    HAL_DMA_IRQHandler                       0x08000d85   Thumb Code   412  stm32f4xx_hal_dma.o(i.HAL_DMA_IRQHandler)
    HAL_DMA_Init                             0x08000f25   Thumb Code   206  stm32f4xx_hal_dma.o(i.HAL_DMA_Init)
    HAL_GPIO_EXTI_Callback                   0x08000ff9   Thumb Code     2  stm32f4xx_hal_gpio.o(i.HAL_GPIO_EXTI_Callback)
    HAL_GPIO_EXTI_IRQHandler                 0x08000ffd   Thumb Code    18  stm32f4xx_hal_gpio.o(i.HAL_GPIO_EXTI_IRQHandler)
    HAL_GPIO_Init                            0x08001015   Thumb Code   388  stm32f4xx_hal_gpio.o(i.HAL_GPIO_Init)
    HAL_GPIO_TogglePin                       0x080011c5   Thumb Code     8  stm32f4xx_hal_gpio.o(i.HAL_GPIO_TogglePin)
    HAL_GPIO_WritePin                        0x080011cd   Thumb Code    10  stm32f4xx_hal_gpio.o(i.HAL_GPIO_WritePin)
    HAL_GetTick                              0x080011d9   Thumb Code     6  stm32f4xx_hal.o(i.HAL_GetTick)
    HAL_IncTick                              0x080011e5   Thumb Code    12  stm32f4xx_hal.o(i.HAL_IncTick)
    HAL_Init                                 0x080011f5   Thumb Code    48  stm32f4xx_hal.o(i.HAL_Init)
    HAL_InitTick                             0x08001229   Thumb Code    54  stm32f4xx_hal.o(i.HAL_InitTick)
    HAL_MspInit                              0x08001269   Thumb Code   126  stm32f4xx_hal_msp.o(i.HAL_MspInit)
    HAL_MultiProcessor_Init                  0x080012ed   Thumb Code   142  stm32f4xx_hal_uart.o(i.HAL_MultiProcessor_Init)
    HAL_NVIC_EnableIRQ                       0x0800137b   Thumb Code    22  stm32f4xx_hal_cortex.o(i.HAL_NVIC_EnableIRQ)
    HAL_NVIC_SetPriority                     0x08001391   Thumb Code    60  stm32f4xx_hal_cortex.o(i.HAL_NVIC_SetPriority)
    HAL_NVIC_SetPriorityGrouping             0x080013d1   Thumb Code    26  stm32f4xx_hal_cortex.o(i.HAL_NVIC_SetPriorityGrouping)
    HAL_RCC_ClockConfig                      0x080013f5   Thumb Code   286  stm32f4xx_hal_rcc.o(i.HAL_RCC_ClockConfig)
    HAL_RCC_GetHCLKFreq                      0x08001525   Thumb Code     6  stm32f4xx_hal_rcc.o(i.HAL_RCC_GetHCLKFreq)
    HAL_RCC_GetPCLK1Freq                     0x08001531   Thumb Code    20  stm32f4xx_hal_rcc.o(i.HAL_RCC_GetPCLK1Freq)
    HAL_RCC_GetPCLK2Freq                     0x08001551   Thumb Code    20  stm32f4xx_hal_rcc.o(i.HAL_RCC_GetPCLK2Freq)
    HAL_RCC_GetSysClockFreq                  0x08001571   Thumb Code    88  stm32f4xx_hal_rcc.o(i.HAL_RCC_GetSysClockFreq)
    HAL_RCC_OscConfig                        0x080015d1   Thumb Code   770  stm32f4xx_hal_rcc.o(i.HAL_RCC_OscConfig)
    HAL_SPI_Init                             0x080018ed   Thumb Code   128  stm32f4xx_hal_spi.o(i.HAL_SPI_Init)
    HAL_SPI_MspInit                          0x0800196d   Thumb Code    60  spi.o(i.HAL_SPI_MspInit)
    HAL_SYSTICK_CLKSourceConfig              0x080019b5   Thumb Code    24  stm32f4xx_hal_cortex.o(i.HAL_SYSTICK_CLKSourceConfig)
    HAL_SYSTICK_Callback                     0x080019cd   Thumb Code     2  stm32f4xx_hal_cortex.o(i.HAL_SYSTICK_Callback)
    HAL_SYSTICK_Config                       0x080019cf   Thumb Code    40  stm32f4xx_hal_cortex.o(i.HAL_SYSTICK_Config)
    HAL_SYSTICK_IRQHandler                   0x080019f7   Thumb Code     8  stm32f4xx_hal_cortex.o(i.HAL_SYSTICK_IRQHandler)
    HAL_TIMEx_BreakCallback                  0x080019ff   Thumb Code     2  stm32f4xx_hal_tim_ex.o(i.HAL_TIMEx_BreakCallback)
    HAL_TIMEx_CommutationCallback            0x08001a01   Thumb Code     2  stm32f4xx_hal_tim_ex.o(i.HAL_TIMEx_CommutationCallback)
    HAL_TIMEx_MasterConfigSynchronization    0x08001a03   Thumb Code    80  stm32f4xx_hal_tim_ex.o(i.HAL_TIMEx_MasterConfigSynchronization)
    HAL_TIM_Base_Init                        0x08001a53   Thumb Code    54  stm32f4xx_hal_tim.o(i.HAL_TIM_Base_Init)
    HAL_TIM_Base_MspInit                     0x08001a89   Thumb Code    30  tim.o(i.HAL_TIM_Base_MspInit)
    HAL_TIM_Base_Start                       0x08001ab1   Thumb Code    26  stm32f4xx_hal_tim.o(i.HAL_TIM_Base_Start)
    HAL_TIM_Base_Start_IT                    0x08001acb   Thumb Code    24  stm32f4xx_hal_tim.o(i.HAL_TIM_Base_Start_IT)
    HAL_TIM_ConfigClockSource                0x08001ae3   Thumb Code   242  stm32f4xx_hal_tim.o(i.HAL_TIM_ConfigClockSource)
    HAL_TIM_Encoder_Init                     0x08001bd5   Thumb Code   150  stm32f4xx_hal_tim.o(i.HAL_TIM_Encoder_Init)
    HAL_TIM_Encoder_MspInit                  0x08001c6d   Thumb Code   190  tim.o(i.HAL_TIM_Encoder_MspInit)
    HAL_TIM_Encoder_Start                    0x08001d51   Thumb Code    52  stm32f4xx_hal_tim.o(i.HAL_TIM_Encoder_Start)
    HAL_TIM_IC_CaptureCallback               0x08001d85   Thumb Code     2  stm32f4xx_hal_tim.o(i.HAL_TIM_IC_CaptureCallback)
    HAL_TIM_IRQHandler                       0x08001d87   Thumb Code   358  stm32f4xx_hal_tim.o(i.HAL_TIM_IRQHandler)
    HAL_TIM_MspPostInit                      0x08001eed   Thumb Code    68  tim.o(i.HAL_TIM_MspPostInit)
    HAL_TIM_OC_DelayElapsedCallback          0x08001f41   Thumb Code     2  stm32f4xx_hal_tim.o(i.HAL_TIM_OC_DelayElapsedCallback)
    HAL_TIM_PWM_ConfigChannel                0x08001f43   Thumb Code   208  stm32f4xx_hal_tim.o(i.HAL_TIM_PWM_ConfigChannel)
    HAL_TIM_PWM_Init                         0x08002013   Thumb Code    54  stm32f4xx_hal_tim.o(i.HAL_TIM_PWM_Init)
    HAL_TIM_PWM_MspInit                      0x08002049   Thumb Code    56  tim.o(i.HAL_TIM_PWM_MspInit)
    HAL_TIM_PWM_PulseFinishedCallback        0x0800208d   Thumb Code     2  stm32f4xx_hal_tim.o(i.HAL_TIM_PWM_PulseFinishedCallback)
    HAL_TIM_PWM_Start                        0x08002091   Thumb Code    48  stm32f4xx_hal_tim.o(i.HAL_TIM_PWM_Start)
    HAL_TIM_PeriodElapsedCallback            0x080020c9   Thumb Code     2  stm32f4xx_hal_tim.o(i.HAL_TIM_PeriodElapsedCallback)
    HAL_TIM_TriggerCallback                  0x080020cb   Thumb Code     2  stm32f4xx_hal_tim.o(i.HAL_TIM_TriggerCallback)
    HAL_UART_ErrorCallback                   0x080020cd   Thumb Code     2  stm32f4xx_hal_uart.o(i.HAL_UART_ErrorCallback)
    HAL_UART_IRQHandler                      0x080020d1   Thumb Code   266  stm32f4xx_hal_uart.o(i.HAL_UART_IRQHandler)
    HAL_UART_Init                            0x080021e1   Thumb Code    98  stm32f4xx_hal_uart.o(i.HAL_UART_Init)
    HAL_UART_MspInit                         0x08002245   Thumb Code   122  usart.o(i.HAL_UART_MspInit)
    HAL_UART_Receive_IT                      0x080022d9   Thumb Code    72  stm32f4xx_hal_uart.o(i.HAL_UART_Receive_IT)
    HAL_UART_RxCpltCallback                  0x08002321   Thumb Code    38  usart.o(i.HAL_UART_RxCpltCallback)
    HAL_UART_Transmit_IT                     0x08002351   Thumb Code    62  stm32f4xx_hal_uart.o(i.HAL_UART_Transmit_IT)
    HAL_UART_TxCpltCallback                  0x08002391   Thumb Code    10  usart.o(i.HAL_UART_TxCpltCallback)
    InitButtons                              0x080023a1   Thumb Code    38  main.o(i.InitButtons)
    InitMotors                               0x080023d9   Thumb Code   206  main.o(i.InitMotors)
    MX_ADC1_Init                             0x080024d5   Thumb Code   190  adc.o(i.MX_ADC1_Init)
    MX_DMA_Init                              0x080025b1   Thumb Code    40  dma.o(i.MX_DMA_Init)
    MX_GPIO_Init                             0x080025dd   Thumb Code   554  gpio.o(i.MX_GPIO_Init)
    MX_SPI1_Init                             0x08002895   Thumb Code    64  spi.o(i.MX_SPI1_Init)
    MX_TIM12_Init                            0x080028ed   Thumb Code   104  tim.o(i.MX_TIM12_Init)
    MX_TIM1_Init                             0x0800296d   Thumb Code    94  tim.o(i.MX_TIM1_Init)
    MX_TIM2_Init                             0x080029e5   Thumb Code    92  tim.o(i.MX_TIM2_Init)
    MX_TIM3_Init                             0x08002a55   Thumb Code    90  tim.o(i.MX_TIM3_Init)
    MX_TIM4_Init                             0x08002ac9   Thumb Code    90  tim.o(i.MX_TIM4_Init)
    MX_TIM5_Init                             0x08002b3d   Thumb Code    92  tim.o(i.MX_TIM5_Init)
    MX_TIM9_Init                             0x08002bb1   Thumb Code    98  tim.o(i.MX_TIM9_Init)
    MX_USART2_UART_Init                      0x08002c2d   Thumb Code    52  usart.o(i.MX_USART2_UART_Init)
    MX_USART3_UART_Init                      0x08002c79   Thumb Code    54  usart.o(i.MX_USART3_UART_Init)
    MotorControl_PID                         0x08002cc9   Thumb Code   120  motor.o(i.MotorControl_PID)
    MotorInit                                0x08002d4d   Thumb Code    44  motor.o(i.MotorInit)
    MotorSet_Setpoint                        0x08002d85   Thumb Code     4  motor.o(i.MotorSet_Setpoint)
    MotorSet_speed                           0x08002d89   Thumb Code   674  motor.o(i.MotorSet_speed)
    MotorUpdate_Encoder                      0x08003045   Thumb Code   160  motor.o(i.MotorUpdate_Encoder)
    Robot_CalWheelSpeed                      0x08003119   Thumb Code   166  robot.o(i.Robot_CalWheelSpeed)
    SerialReceiveCMD                         0x080031d1   Thumb Code   160  usart.o(i.SerialReceiveCMD)
    SysTick_Handler                          0x080032b1   Thumb Code    14  stm32f4xx_it.o(i.SysTick_Handler)
    SystemClock_Config                       0x080032c1   Thumb Code   152  main.o(i.SystemClock_Config)
    SystemInit                               0x08003361   Thumb Code    66  system_stm32f4xx.o(i.SystemInit)
    TIM5_IRQHandler                          0x080033b5   Thumb Code    32  stm32f4xx_it.o(i.TIM5_IRQHandler)
    TIM_Base_SetConfig                       0x080033e1   Thumb Code   148  stm32f4xx_hal_tim.o(i.TIM_Base_SetConfig)
    TIM_CCxChannelCmd                        0x080034a1   Thumb Code    22  stm32f4xx_hal_tim.o(i.TIM_CCxChannelCmd)
    TIM_OC2_SetConfig                        0x08003535   Thumb Code    90  stm32f4xx_hal_tim.o(i.TIM_OC2_SetConfig)
    USART2_IRQHandler                        0x08003a59   Thumb Code    22  stm32f4xx_it.o(i.USART2_IRQHandler)
    _Error_Handler                           0x08003a79   Thumb Code     2  main.o(i._Error_Handler)
    __0printf                                0x08003a7d   Thumb Code    22  printfa.o(i.__0printf)
    __1printf                                0x08003a7d   Thumb Code     0  printfa.o(i.__0printf)
    __2printf                                0x08003a7d   Thumb Code     0  printfa.o(i.__0printf)
    __c89printf                              0x08003a7d   Thumb Code     0  printfa.o(i.__0printf)
    printf                                   0x08003a7d   Thumb Code     0  printfa.o(i.__0printf)
    __scatterload_copy                       0x08003a9d   Thumb Code    14  handlers.o(i.__scatterload_copy)
    __scatterload_null                       0x08003aab   Thumb Code     2  handlers.o(i.__scatterload_null)
    __scatterload_zeroinit                   0x08003aad   Thumb Code    14  handlers.o(i.__scatterload_zeroinit)
    calEncoder_value                         0x08004371   Thumb Code    16  motor.o(i.calEncoder_value)
    fputc                                    0x08004385   Thumb Code    36  main.o(i.fputc)
    int16Conv                                0x080043ad   Thumb Code     8  motor.o(i.int16Conv)
    main                                     0x080043b5   Thumb Code   158  main.o(i.main)
    reportEncoder                            0x08004489   Thumb Code   134  motor.o(i.reportEncoder)
    systemSM_Update                          0x0800451d   Thumb Code   532  main.o(i.systemSM_Update)
    AHBPrescTable                            0x08004804   Data          16  system_stm32f4xx.o(.constdata)
    APBPrescTable                            0x08004814   Data           8  system_stm32f4xx.o(.constdata)
    Region$$Table$$Base                      0x0800481c   Number         0  anon$$obj.o(Region$$Table)
    Region$$Table$$Limit                     0x0800483c   Number         0  anon$$obj.o(Region$$Table)
    g_sysTicks_50ms                          0x20000004   Data           4  main.o(.data)
    g_sysTicks_100ms                         0x20000008   Data           4  main.o(.data)
    sysTick_50ms                             0x2000000c   Data           4  main.o(.data)
    sysTick_100ms                            0x20000010   Data           4  main.o(.data)
    uwTickFreq                               0x20000014   Data           1  stm32f4xx_hal.o(.data)
    uwTickPrio                               0x20000018   Data           4  stm32f4xx_hal.o(.data)
    uwTick                                   0x2000001c   Data           4  stm32f4xx_hal.o(.data)
    SystemCoreClock                          0x20000020   Data           4  system_stm32f4xx.o(.data)
    __stdout                                 0x20000024   Data           4  stdout.o(.data)
    motor1                                   0x20000028   Data          56  motor.o(.bss)
    motor2                                   0x20000060   Data          56  motor.o(.bss)
    motor3                                   0x20000098   Data          56  motor.o(.bss)
    motor4                                   0x200000d0   Data          56  motor.o(.bss)
    button_R                                 0x20000108   Data          16  gpio.o(.bss)
    button_G                                 0x20000118   Data          16  gpio.o(.bss)
    button_B                                 0x20000128   Data          16  gpio.o(.bss)
    button_O                                 0x20000138   Data          16  gpio.o(.bss)
    hadc1                                    0x20000148   Data          72  adc.o(.bss)
    hdma_adc1                                0x20000190   Data          96  adc.o(.bss)
    hspi1                                    0x200001f0   Data          88  spi.o(.bss)
    htim1                                    0x20000248   Data          60  tim.o(.bss)
    htim2                                    0x20000284   Data          60  tim.o(.bss)
    htim3                                    0x200002c0   Data          60  tim.o(.bss)
    htim4                                    0x200002fc   Data          60  tim.o(.bss)
    htim5                                    0x20000338   Data          60  tim.o(.bss)
    htim9                                    0x20000374   Data          60  tim.o(.bss)
    htim12                                   0x200003b0   Data          60  tim.o(.bss)
    UART2_TxBuffer                           0x200003ec   Data          12  usart.o(.bss)
    UART2_RxBuffer                           0x200003f8   Data          10  usart.o(.bss)
    UART2_CMD_                               0x20000402   Data          10  usart.o(.bss)
    huart2                                   0x2000040c   Data          64  usart.o(.bss)
    huart3                                   0x2000044c   Data          64  usart.o(.bss)
    PooNim_CMD                               0x2000048c   Data          12  robot.o(.bss)
    __initial_sp                             0x20000898   Data           0  startup_stm32f407xx.o(STACK)



==============================================================================

Memory Map of the image

  Image Entry point : 0x08000189

  Load Region LR_IROM1 (Base: 0x08000000, Size: 0x00004864, Max: 0x00100000, ABSOLUTE)

    Execution Region ER_IROM1 (Exec base: 0x08000000, Load base: 0x08000000, Size: 0x0000483c, Max: 0x00100000, ABSOLUTE)

    Exec Addr    Load Addr    Size         Type   Attr      Idx    E Section Name        Object

    0x08000000   0x08000000   0x00000188   Data   RO            3    RESET               startup_stm32f407xx.o
    0x08000188   0x08000188   0x00000000   Code   RO         3680  * .ARM.Collect$$$$00000000  mc_w.l(entry.o)
    0x08000188   0x08000188   0x00000004   Code   RO         3948    .ARM.Collect$$$$00000001  mc_w.l(entry2.o)
    0x0800018c   0x0800018c   0x00000004   Code   RO         3951    .ARM.Collect$$$$00000004  mc_w.l(entry5.o)
    0x08000190   0x08000190   0x00000000   Code   RO         3953    .ARM.Collect$$$$00000008  mc_w.l(entry7b.o)
    0x08000190   0x08000190   0x00000000   Code   RO         3955    .ARM.Collect$$$$0000000A  mc_w.l(entry8b.o)
    0x08000190   0x08000190   0x00000008   Code   RO         3956    .ARM.Collect$$$$0000000B  mc_w.l(entry9a.o)
    0x08000198   0x08000198   0x00000000   Code   RO         3958    .ARM.Collect$$$$0000000D  mc_w.l(entry10a.o)
    0x08000198   0x08000198   0x00000000   Code   RO         3960    .ARM.Collect$$$$0000000F  mc_w.l(entry11a.o)
    0x08000198   0x08000198   0x00000004   Code   RO         3949    .ARM.Collect$$$$00002712  mc_w.l(entry2.o)
    0x0800019c   0x0800019c   0x00000024   Code   RO            4    .text               startup_stm32f407xx.o
    0x080001c0   0x080001c0   0x00000062   Code   RO         3683    .text               mc_w.l(uldiv.o)
    0x08000222   0x08000222   0x0000002c   Code   RO         3963    .text               mc_w.l(uidiv.o)
    0x0800024e   0x0800024e   0x0000001e   Code   RO         3965    .text               mc_w.l(llshl.o)
    0x0800026c   0x0800026c   0x00000020   Code   RO         3967    .text               mc_w.l(llushr.o)
    0x0800028c   0x0800028c   0x00000000   Code   RO         3969    .text               mc_w.l(iusefp.o)
    0x0800028c   0x0800028c   0x0000014e   Code   RO         3970    .text               mf_w.l(dadd.o)
    0x080003da   0x080003da   0x000000e4   Code   RO         3972    .text               mf_w.l(dmul.o)
    0x080004be   0x080004be   0x000000de   Code   RO         3974    .text               mf_w.l(ddiv.o)
    0x0800059c   0x0800059c   0x00000030   Code   RO         3976    .text               mf_w.l(dfixul.o)
    0x080005cc   0x080005cc   0x00000030   Code   RO         3978    .text               mf_w.l(cdrcmple.o)
    0x080005fc   0x080005fc   0x00000024   Code   RO         3980    .text               mc_w.l(init.o)
    0x08000620   0x08000620   0x00000024   Code   RO         3982    .text               mc_w.l(llsshr.o)
    0x08000644   0x08000644   0x000000ba   Code   RO         3984    .text               mf_w.l(depilogue.o)
    0x080006fe   0x080006fe   0x00000002   PAD
    0x08000700   0x08000700   0x00000020   Code   RO          676    i.ADC_IRQHandler    stm32f4xx_it.o
    0x08000720   0x08000720   0x00000124   Code   RO          815    i.ADC_Init          stm32f4xx_hal_adc.o
    0x08000844   0x08000844   0x00000044   Code   RO          329    i.ButtonInit        gpio.o
    0x08000888   0x08000888   0x00000014   Code   RO          330    i.ButtonLED_reset   gpio.o
    0x0800089c   0x0800089c   0x00000014   Code   RO          331    i.ButtonLED_set     gpio.o
    0x080008b0   0x080008b0   0x00000008   Code   RO          217    i.Convert_2U8_INT16  main.o
    0x080008b8   0x080008b8   0x0000000c   Code   RO          677    i.DMA2_Stream0_IRQHandler  stm32f4xx_it.o
    0x080008c4   0x080008c4   0x00000028   Code   RO         3059    i.DMA_CalcBaseAndBitshift  stm32f4xx_hal_dma.o
    0x080008ec   0x080008ec   0x00000054   Code   RO         3060    i.DMA_CheckFifoParam  stm32f4xx_hal_dma.o
    0x08000940   0x08000940   0x0000001c   Code   RO          678    i.EXTI2_IRQHandler  stm32f4xx_it.o
    0x0800095c   0x0800095c   0x0000001c   Code   RO          679    i.EXTI3_IRQHandler  stm32f4xx_it.o
    0x08000978   0x08000978   0x0000001c   Code   RO          680    i.EXTI4_IRQHandler  stm32f4xx_it.o
    0x08000994   0x08000994   0x0000001c   Code   RO          681    i.EXTI9_5_IRQHandler  stm32f4xx_it.o
    0x080009b0   0x080009b0   0x00000018   Code   RO          596    i.GetSerialCMD      usart.o
    0x080009c8   0x080009c8   0x00000002   Code   RO          986    i.HAL_ADCEx_InjectedConvCpltCallback  stm32f4xx_hal_adc_ex.o
    0x080009ca   0x080009ca   0x00000002   PAD
    0x080009cc   0x080009cc   0x0000014c   Code   RO          817    i.HAL_ADC_ConfigChannel  stm32f4xx_hal_adc.o
    0x08000b18   0x08000b18   0x00000002   Code   RO          682    i.HAL_ADC_ConvCpltCallback  stm32f4xx_it.o
    0x08000b1a   0x08000b1a   0x00000002   Code   RO          821    i.HAL_ADC_ErrorCallback  stm32f4xx_hal_adc.o
    0x08000b1c   0x08000b1c   0x0000013c   Code   RO          825    i.HAL_ADC_IRQHandler  stm32f4xx_hal_adc.o
    0x08000c58   0x08000c58   0x00000054   Code   RO          826    i.HAL_ADC_Init      stm32f4xx_hal_adc.o
    0x08000cac   0x08000cac   0x00000002   Code   RO          827    i.HAL_ADC_LevelOutOfWindowCallback  stm32f4xx_hal_adc.o
    0x08000cae   0x08000cae   0x00000002   PAD
    0x08000cb0   0x08000cb0   0x000000b0   Code   RO          381    i.HAL_ADC_MspInit   adc.o
    0x08000d60   0x08000d60   0x00000024   Code   RO         3063    i.HAL_DMA_Abort_IT  stm32f4xx_hal_dma.o
    0x08000d84   0x08000d84   0x000001a0   Code   RO         3067    i.HAL_DMA_IRQHandler  stm32f4xx_hal_dma.o
    0x08000f24   0x08000f24   0x000000d4   Code   RO         3068    i.HAL_DMA_Init      stm32f4xx_hal_dma.o
    0x08000ff8   0x08000ff8   0x00000002   Code   RO         2953    i.HAL_GPIO_EXTI_Callback  stm32f4xx_hal_gpio.o
    0x08000ffa   0x08000ffa   0x00000002   PAD
    0x08000ffc   0x08000ffc   0x00000018   Code   RO         2954    i.HAL_GPIO_EXTI_IRQHandler  stm32f4xx_hal_gpio.o
    0x08001014   0x08001014   0x000001b0   Code   RO         2955    i.HAL_GPIO_Init     stm32f4xx_hal_gpio.o
    0x080011c4   0x080011c4   0x00000008   Code   RO         2958    i.HAL_GPIO_TogglePin  stm32f4xx_hal_gpio.o
    0x080011cc   0x080011cc   0x0000000a   Code   RO         2959    i.HAL_GPIO_WritePin  stm32f4xx_hal_gpio.o
    0x080011d6   0x080011d6   0x00000002   PAD
    0x080011d8   0x080011d8   0x0000000c   Code   RO         3487    i.HAL_GetTick       stm32f4xx_hal.o
    0x080011e4   0x080011e4   0x00000010   Code   RO         3491    i.HAL_IncTick       stm32f4xx_hal.o
    0x080011f4   0x080011f4   0x00000034   Code   RO         3492    i.HAL_Init          stm32f4xx_hal.o
    0x08001228   0x08001228   0x00000040   Code   RO         3493    i.HAL_InitTick      stm32f4xx_hal.o
    0x08001268   0x08001268   0x00000084   Code   RO          758    i.HAL_MspInit       stm32f4xx_hal_msp.o
    0x080012ec   0x080012ec   0x0000008e   Code   RO         2281    i.HAL_MultiProcessor_Init  stm32f4xx_hal_uart.o
    0x0800137a   0x0800137a   0x00000016   Code   RO         3344    i.HAL_NVIC_EnableIRQ  stm32f4xx_hal_cortex.o
    0x08001390   0x08001390   0x00000040   Code   RO         3350    i.HAL_NVIC_SetPriority  stm32f4xx_hal_cortex.o
    0x080013d0   0x080013d0   0x00000024   Code   RO         3351    i.HAL_NVIC_SetPriorityGrouping  stm32f4xx_hal_cortex.o
    0x080013f4   0x080013f4   0x00000130   Code   RO         2601    i.HAL_RCC_ClockConfig  stm32f4xx_hal_rcc.o
    0x08001524   0x08001524   0x0000000c   Code   RO         2606    i.HAL_RCC_GetHCLKFreq  stm32f4xx_hal_rcc.o
    0x08001530   0x08001530   0x00000020   Code   RO         2608    i.HAL_RCC_GetPCLK1Freq  stm32f4xx_hal_rcc.o
    0x08001550   0x08001550   0x00000020   Code   RO         2609    i.HAL_RCC_GetPCLK2Freq  stm32f4xx_hal_rcc.o
    0x08001570   0x08001570   0x00000060   Code   RO         2610    i.HAL_RCC_GetSysClockFreq  stm32f4xx_hal_rcc.o
    0x080015d0   0x080015d0   0x0000031c   Code   RO         2613    i.HAL_RCC_OscConfig  stm32f4xx_hal_rcc.o
    0x080018ec   0x080018ec   0x00000080   Code   RO         1098    i.HAL_SPI_Init      stm32f4xx_hal_spi.o
    0x0800196c   0x0800196c   0x00000048   Code   RO          447    i.HAL_SPI_MspInit   spi.o
    0x080019b4   0x080019b4   0x00000018   Code   RO         3353    i.HAL_SYSTICK_CLKSourceConfig  stm32f4xx_hal_cortex.o
    0x080019cc   0x080019cc   0x00000002   Code   RO         3354    i.HAL_SYSTICK_Callback  stm32f4xx_hal_cortex.o
    0x080019ce   0x080019ce   0x00000028   Code   RO         3355    i.HAL_SYSTICK_Config  stm32f4xx_hal_cortex.o
    0x080019f6   0x080019f6   0x00000008   Code   RO         3356    i.HAL_SYSTICK_IRQHandler  stm32f4xx_hal_cortex.o
    0x080019fe   0x080019fe   0x00000002   Code   RO         2035    i.HAL_TIMEx_BreakCallback  stm32f4xx_hal_tim_ex.o
    0x08001a00   0x08001a00   0x00000002   Code   RO         2036    i.HAL_TIMEx_CommutationCallback  stm32f4xx_hal_tim_ex.o
    0x08001a02   0x08001a02   0x00000050   Code   RO         2052    i.HAL_TIMEx_MasterConfigSynchronization  stm32f4xx_hal_tim_ex.o
    0x08001a52   0x08001a52   0x00000036   Code   RO         1406    i.HAL_TIM_Base_Init  stm32f4xx_hal_tim.o
    0x08001a88   0x08001a88   0x00000028   Code   RO          489    i.HAL_TIM_Base_MspInit  tim.o
    0x08001ab0   0x08001ab0   0x0000001a   Code   RO         1409    i.HAL_TIM_Base_Start  stm32f4xx_hal_tim.o
    0x08001aca   0x08001aca   0x00000018   Code   RO         1411    i.HAL_TIM_Base_Start_IT  stm32f4xx_hal_tim.o
    0x08001ae2   0x08001ae2   0x000000f2   Code   RO         1415    i.HAL_TIM_ConfigClockSource  stm32f4xx_hal_tim.o
    0x08001bd4   0x08001bd4   0x00000096   Code   RO         1424    i.HAL_TIM_Encoder_Init  stm32f4xx_hal_tim.o
    0x08001c6a   0x08001c6a   0x00000002   PAD
    0x08001c6c   0x08001c6c   0x000000e4   Code   RO          491    i.HAL_TIM_Encoder_MspInit  tim.o
    0x08001d50   0x08001d50   0x00000034   Code   RO         1427    i.HAL_TIM_Encoder_Start  stm32f4xx_hal_tim.o
    0x08001d84   0x08001d84   0x00000002   Code   RO         1435    i.HAL_TIM_IC_CaptureCallback  stm32f4xx_hal_tim.o
    0x08001d86   0x08001d86   0x00000166   Code   RO         1448    i.HAL_TIM_IRQHandler  stm32f4xx_hal_tim.o
    0x08001eec   0x08001eec   0x00000054   Code   RO          492    i.HAL_TIM_MspPostInit  tim.o
    0x08001f40   0x08001f40   0x00000002   Code   RO         1451    i.HAL_TIM_OC_DelayElapsedCallback  stm32f4xx_hal_tim.o
    0x08001f42   0x08001f42   0x000000d0   Code   RO         1472    i.HAL_TIM_PWM_ConfigChannel  stm32f4xx_hal_tim.o
    0x08002012   0x08002012   0x00000036   Code   RO         1475    i.HAL_TIM_PWM_Init  stm32f4xx_hal_tim.o
    0x08002048   0x08002048   0x00000044   Code   RO          494    i.HAL_TIM_PWM_MspInit  tim.o
    0x0800208c   0x0800208c   0x00000002   Code   RO         1478    i.HAL_TIM_PWM_PulseFinishedCallback  stm32f4xx_hal_tim.o
    0x0800208e   0x0800208e   0x00000002   PAD
    0x08002090   0x08002090   0x00000038   Code   RO         1479    i.HAL_TIM_PWM_Start  stm32f4xx_hal_tim.o
    0x080020c8   0x080020c8   0x00000002   Code   RO         1485    i.HAL_TIM_PeriodElapsedCallback  stm32f4xx_hal_tim.o
    0x080020ca   0x080020ca   0x00000002   Code   RO         1489    i.HAL_TIM_TriggerCallback  stm32f4xx_hal_tim.o
    0x080020cc   0x080020cc   0x00000002   Code   RO         2295    i.HAL_UART_ErrorCallback  stm32f4xx_hal_uart.o
    0x080020ce   0x080020ce   0x00000002   PAD
    0x080020d0   0x080020d0   0x00000110   Code   RO         2298    i.HAL_UART_IRQHandler  stm32f4xx_hal_uart.o
    0x080021e0   0x080021e0   0x00000062   Code   RO         2299    i.HAL_UART_Init     stm32f4xx_hal_uart.o
    0x08002242   0x08002242   0x00000002   PAD
    0x08002244   0x08002244   0x00000094   Code   RO          598    i.HAL_UART_MspInit  usart.o
    0x080022d8   0x080022d8   0x00000048   Code   RO         2304    i.HAL_UART_Receive_IT  stm32f4xx_hal_uart.o
    0x08002320   0x08002320   0x00000030   Code   RO          599    i.HAL_UART_RxCpltCallback  usart.o
    0x08002350   0x08002350   0x0000003e   Code   RO         2309    i.HAL_UART_Transmit_IT  stm32f4xx_hal_uart.o
    0x0800238e   0x0800238e   0x00000002   PAD
    0x08002390   0x08002390   0x00000010   Code   RO          600    i.HAL_UART_TxCpltCallback  usart.o
    0x080023a0   0x080023a0   0x00000038   Code   RO          218    i.InitButtons       main.o
    0x080023d8   0x080023d8   0x000000fc   Code   RO          219    i.InitMotors        main.o
    0x080024d4   0x080024d4   0x000000dc   Code   RO          382    i.MX_ADC1_Init      adc.o
    0x080025b0   0x080025b0   0x0000002c   Code   RO          422    i.MX_DMA_Init       dma.o
    0x080025dc   0x080025dc   0x00000250   Code   RO          332    i.MX_GPIO_Init      gpio.o
    0x0800282c   0x0800282c   0x00000066   Code   RO          220    i.MX_NVIC_Init      main.o
    0x08002892   0x08002892   0x00000002   PAD
    0x08002894   0x08002894   0x00000058   Code   RO          448    i.MX_SPI1_Init      spi.o
    0x080028ec   0x080028ec   0x00000080   Code   RO          495    i.MX_TIM12_Init     tim.o
    0x0800296c   0x0800296c   0x00000078   Code   RO          496    i.MX_TIM1_Init      tim.o
    0x080029e4   0x080029e4   0x00000070   Code   RO          497    i.MX_TIM2_Init      tim.o
    0x08002a54   0x08002a54   0x00000074   Code   RO          498    i.MX_TIM3_Init      tim.o
    0x08002ac8   0x08002ac8   0x00000074   Code   RO          499    i.MX_TIM4_Init      tim.o
    0x08002b3c   0x08002b3c   0x00000074   Code   RO          500    i.MX_TIM5_Init      tim.o
    0x08002bb0   0x08002bb0   0x0000007c   Code   RO          501    i.MX_TIM9_Init      tim.o
    0x08002c2c   0x08002c2c   0x0000004c   Code   RO          601    i.MX_USART2_UART_Init  usart.o
    0x08002c78   0x08002c78   0x00000050   Code   RO          602    i.MX_USART3_UART_Init  usart.o
    0x08002cc8   0x08002cc8   0x00000084   Code   RO           14    i.MotorControl_PID  motor.o
    0x08002d4c   0x08002d4c   0x00000038   Code   RO           15    i.MotorInit         motor.o
    0x08002d84   0x08002d84   0x00000004   Code   RO           17    i.MotorSet_Setpoint  motor.o
    0x08002d88   0x08002d88   0x000002bc   Code   RO           18    i.MotorSet_speed    motor.o
    0x08003044   0x08003044   0x000000b4   Code   RO           19    i.MotorUpdate_Encoder  motor.o
    0x080030f8   0x080030f8   0x00000020   Code   RO         3357    i.NVIC_SetPriority  stm32f4xx_hal_cortex.o
    0x08003118   0x08003118   0x000000b8   Code   RO          782    i.Robot_CalWheelSpeed  robot.o
    0x080031d0   0x080031d0   0x000000e0   Code   RO          603    i.SerialReceiveCMD  usart.o
    0x080032b0   0x080032b0   0x0000000e   Code   RO          683    i.SysTick_Handler   stm32f4xx_it.o
    0x080032be   0x080032be   0x00000002   PAD
    0x080032c0   0x080032c0   0x000000a0   Code   RO          222    i.SystemClock_Config  main.o
    0x08003360   0x08003360   0x00000054   Code   RO         3646    i.SystemInit        system_stm32f4xx.o
    0x080033b4   0x080033b4   0x0000002c   Code   RO          684    i.TIM5_IRQHandler   stm32f4xx_it.o
    0x080033e0   0x080033e0   0x000000c0   Code   RO         1490    i.TIM_Base_SetConfig  stm32f4xx_hal_tim.o
    0x080034a0   0x080034a0   0x00000016   Code   RO         1491    i.TIM_CCxChannelCmd  stm32f4xx_hal_tim.o
    0x080034b6   0x080034b6   0x00000014   Code   RO         1497    i.TIM_ETR_SetConfig  stm32f4xx_hal_tim.o
    0x080034ca   0x080034ca   0x00000010   Code   RO         1498    i.TIM_ITRx_SetConfig  stm32f4xx_hal_tim.o
    0x080034da   0x080034da   0x00000002   PAD
    0x080034dc   0x080034dc   0x00000058   Code   RO         1499    i.TIM_OC1_SetConfig  stm32f4xx_hal_tim.o
    0x08003534   0x08003534   0x00000064   Code   RO         1500    i.TIM_OC2_SetConfig  stm32f4xx_hal_tim.o
    0x08003598   0x08003598   0x00000060   Code   RO         1501    i.TIM_OC3_SetConfig  stm32f4xx_hal_tim.o
    0x080035f8   0x080035f8   0x00000050   Code   RO         1502    i.TIM_OC4_SetConfig  stm32f4xx_hal_tim.o
    0x08003648   0x08003648   0x00000022   Code   RO         1504    i.TIM_TI1_ConfigInputStage  stm32f4xx_hal_tim.o
    0x0800366a   0x0800366a   0x00000024   Code   RO         1506    i.TIM_TI2_ConfigInputStage  stm32f4xx_hal_tim.o
    0x0800368e   0x0800368e   0x00000010   Code   RO         2312    i.UART_DMAAbortOnError  stm32f4xx_hal_uart.o
    0x0800369e   0x0800369e   0x0000001c   Code   RO         2322    i.UART_EndRxTransfer  stm32f4xx_hal_uart.o
    0x080036ba   0x080036ba   0x0000008c   Code   RO         2324    i.UART_Receive_IT   stm32f4xx_hal_uart.o
    0x08003746   0x08003746   0x00000002   PAD
    0x08003748   0x08003748   0x000002ac   Code   RO         2325    i.UART_SetConfig    stm32f4xx_hal_uart.o
    0x080039f4   0x080039f4   0x00000062   Code   RO         2326    i.UART_Transmit_IT  stm32f4xx_hal_uart.o
    0x08003a56   0x08003a56   0x00000002   PAD
    0x08003a58   0x08003a58   0x00000020   Code   RO          685    i.USART2_IRQHandler  stm32f4xx_it.o
    0x08003a78   0x08003a78   0x00000002   Code   RO          223    i._Error_Handler    main.o
    0x08003a7a   0x08003a7a   0x00000002   PAD
    0x08003a7c   0x08003a7c   0x00000020   Code   RO         3918    i.__0printf         mc_w.l(printfa.o)
    0x08003a9c   0x08003a9c   0x0000000e   Code   RO         3988    i.__scatterload_copy  mc_w.l(handlers.o)
    0x08003aaa   0x08003aaa   0x00000002   Code   RO         3989    i.__scatterload_null  mc_w.l(handlers.o)
    0x08003aac   0x08003aac   0x0000000e   Code   RO         3990    i.__scatterload_zeroinit  mc_w.l(handlers.o)
    0x08003aba   0x08003aba   0x00000002   PAD
    0x08003abc   0x08003abc   0x00000184   Code   RO         3925    i._fp_digits        mc_w.l(printfa.o)
    0x08003c40   0x08003c40   0x000006dc   Code   RO         3926    i._printf_core      mc_w.l(printfa.o)
    0x0800431c   0x0800431c   0x00000024   Code   RO         3927    i._printf_post_padding  mc_w.l(printfa.o)
    0x08004340   0x08004340   0x0000002e   Code   RO         3928    i._printf_pre_padding  mc_w.l(printfa.o)
    0x0800436e   0x0800436e   0x00000002   PAD
    0x08004370   0x08004370   0x00000014   Code   RO           21    i.calEncoder_value  motor.o
    0x08004384   0x08004384   0x00000028   Code   RO          224    i.fputc             main.o
    0x080043ac   0x080043ac   0x00000008   Code   RO           22    i.int16Conv         motor.o
    0x080043b4   0x080043b4   0x000000d4   Code   RO          225    i.main              main.o
    0x08004488   0x08004488   0x00000094   Code   RO           23    i.reportEncoder     motor.o
    0x0800451c   0x0800451c   0x000002e0   Code   RO          226    i.systemSM_Update   main.o
    0x080047fc   0x080047fc   0x00000008   Data   RO         3074    .constdata          stm32f4xx_hal_dma.o
    0x08004804   0x08004804   0x00000010   Data   RO         3647    .constdata          system_stm32f4xx.o
    0x08004814   0x08004814   0x00000008   Data   RO         3648    .constdata          system_stm32f4xx.o
    0x0800481c   0x0800481c   0x00000020   Data   RO         3986    Region$$Table       anon$$obj.o


    Execution Region RW_IRAM1 (Exec base: 0x20000000, Load base: 0x0800483c, Size: 0x00000898, Max: 0x00020000, ABSOLUTE)

    Exec Addr    Load Addr    Size         Type   Attr      Idx    E Section Name        Object

    0x20000000   0x0800483c   0x00000002   Data   RW           25    .data               motor.o
    0x20000002   0x0800483e   0x00000002   PAD
    0x20000004   0x08004840   0x00000010   Data   RW          227    .data               main.o
    0x20000014   0x08004850   0x0000000c   Data   RW         3499    .data               stm32f4xx_hal.o
    0x20000020   0x0800485c   0x00000004   Data   RW         3649    .data               system_stm32f4xx.o
    0x20000024   0x08004860   0x00000004   Data   RW         3962    .data               mc_w.l(stdout.o)
    0x20000028        -       0x000000e0   Zero   RW           24    .bss                motor.o
    0x20000108        -       0x00000010   Zero   RW          333    .bss                gpio.o
    0x20000118        -       0x00000010   Zero   RW          334    .bss                gpio.o
    0x20000128        -       0x00000010   Zero   RW          335    .bss                gpio.o
    0x20000138        -       0x00000010   Zero   RW          336    .bss                gpio.o
    0x20000148        -       0x000000a8   Zero   RW          383    .bss                adc.o
    0x200001f0        -       0x00000058   Zero   RW          449    .bss                spi.o
    0x20000248        -       0x000001a4   Zero   RW          502    .bss                tim.o
    0x200003ec        -       0x0000000c   Zero   RW          605    .bss                usart.o
    0x200003f8        -       0x00000094   Zero   RW          606    .bss                usart.o
    0x2000048c        -       0x0000000c   Zero   RW          783    .bss                robot.o
    0x20000498        -       0x00000400   Zero   RW            1    STACK               startup_stm32f407xx.o


==============================================================================

Image component sizes


      Code (inc. data)   RO Data    RW Data    ZI Data      Debug   Object Name

       396         72          0          0        168       1851   adc.o
        44          4          0          0          0        782   dma.o
       700         46          0          0         64       3788   gpio.o
      1568        340          0         16          0      33387   main.o
      1248         88          0          2        224     713017   motor.o
       184         18          0          0         12       1995   robot.o
       160         36          0          0         88       1657   spi.o
        36          8        392          0       1024        848   startup_stm32f407xx.o
       144         24          0         12          0       4021   stm32f4xx_hal.o
      1028         28          0          0          0       4967   stm32f4xx_hal_adc.o
         2          0          0          0          0       1009   stm32f4xx_hal_adc_ex.o
       228         14          0          0          0      32269   stm32f4xx_hal_cortex.o
       788         16          8          0          0       4819   stm32f4xx_hal_dma.o
       476         50          0          0          0       4297   stm32f4xx_hal_gpio.o
       132          6          0          0          0        938   stm32f4xx_hal_msp.o
      1272         82          0          0          0       5728   stm32f4xx_hal_rcc.o
       128          0          0          0          0       1239   stm32f4xx_hal_spi.o
      1918         88          0          0          0      18882   stm32f4xx_hal_tim.o
        84          0          0          0          0       2470   stm32f4xx_hal_tim_ex.o
      1614         14          0          0          0       8946   stm32f4xx_hal_uart.o
       248         62          0          0          0       5614   stm32f4xx_it.o
        84         18         24          4          0       1203   system_stm32f4xx.o
      1252        248          0          0        420       7580   tim.o
       616        162          0          0        160       4822   usart.o

    ----------------------------------------------------------------------
     14380       1424        456         36       2160     866129   Object Totals
         0          0         32          0          0          0   (incl. Generated)
        30          0          0          2          0          0   (incl. Padding)

    ----------------------------------------------------------------------

      Code (inc. data)   RO Data    RW Data    ZI Data      Debug   Library Member Name

         0          0          0          0          0          0   entry.o
         0          0          0          0          0          0   entry10a.o
         0          0          0          0          0          0   entry11a.o
         8          4          0          0          0          0   entry2.o
         4          0          0          0          0          0   entry5.o
         0          0          0          0          0          0   entry7b.o
         0          0          0          0          0          0   entry8b.o
         8          4          0          0          0          0   entry9a.o
        30          0          0          0          0          0   handlers.o
        36          8          0          0          0         68   init.o
         0          0          0          0          0          0   iusefp.o
        30          0          0          0          0         68   llshl.o
        36          0          0          0          0         68   llsshr.o
        32          0          0          0          0         68   llushr.o
      2258         90          0          0          0        452   printfa.o
         0          0          0          4          0          0   stdout.o
        44          0          0          0          0         80   uidiv.o
        98          0          0          0          0         92   uldiv.o
        48          0          0          0          0         68   cdrcmple.o
       334          0          0          0          0        148   dadd.o
       222          0          0          0          0        100   ddiv.o
       186          0          0          0          0        176   depilogue.o
        48          0          0          0          0         68   dfixul.o
       228          0          0          0          0         96   dmul.o

    ----------------------------------------------------------------------
      3656        106          0          4          0       1552   Library Totals
         6          0          0          0          0          0   (incl. Padding)

    ----------------------------------------------------------------------

      Code (inc. data)   RO Data    RW Data    ZI Data      Debug   Library Name

      2584        106          0          4          0        896   mc_w.l
      1066          0          0          0          0        656   mf_w.l

    ----------------------------------------------------------------------
      3656        106          0          4          0       1552   Library Totals

    ----------------------------------------------------------------------

==============================================================================


      Code (inc. data)   RO Data    RW Data    ZI Data      Debug   

     18036       1530        456         40       2160     854805   Grand Totals
     18036       1530        456         40       2160     854805   ELF Image Totals
     18036       1530        456         40          0          0   ROM Totals

==============================================================================

    Total RO  Size (Code + RO Data)                18492 (  18.06kB)
    Total RW  Size (RW Data + ZI Data)              2200 (   2.15kB)
    Total ROM Size (Code + RO Data + RW Data)      18532 (  18.10kB)

==============================================================================

